stm32f4xx_it.c:78:6:NMI_Handler	4	static
stm32f4xx_it.c:91:6:HardFault_Handler	4	static
stm32f4xx_it.c:106:6:MemManage_Handler	4	static
stm32f4xx_it.c:121:6:BusFault_Handler	4	static
stm32f4xx_it.c:136:6:UsageFault_Handler	4	static
stm32f4xx_it.c:151:6:SVC_Handler	4	static
stm32f4xx_it.c:164:6:DebugMon_Handler	4	static
stm32f4xx_it.c:177:6:PendSV_Handler	4	static
stm32f4xx_it.c:190:6:SysTick_Handler	8	static
stm32f4xx_it.c:211:6:RCC_IRQHandler	4	static
stm32f4xx_it.c:224:6:CAN1_TX_IRQHandler	8	static
stm32f4xx_it.c:238:6:CAN1_RX0_IRQHandler	8	static
stm32f4xx_it.c:252:6:CAN1_RX1_IRQHandler	8	static
stm32f4xx_it.c:266:6:CAN1_SCE_IRQHandler	8	static
stm32f4xx_it.c:280:6:USART1_IRQHandler	8	static
stm32f4xx_it.c:294:6:USART2_IRQHandler	8	static
stm32f4xx_it.c:308:6:USART3_IRQHandler	8	static
stm32f4xx_it.c:322:6:UART4_IRQHandler	8	static
stm32f4xx_it.c:336:6:TIM6_DAC_IRQHandler	8	static
stm32f4xx_it.c:350:6:TIM7_IRQHandler	8	static
stm32f4xx_it.c:364:6:OTG_FS_IRQHandler	8	static
stm32f4xx_it.c:378:6:USART6_IRQHandler	8	static
