stm32f4xx_it.c:84:6:NMI_Handler	4	static
stm32f4xx_it.c:97:6:HardFault_Handler	4	static
stm32f4xx_it.c:112:6:MemManage_Handler	4	static
stm32f4xx_it.c:127:6:BusFault_Handler	4	static
stm32f4xx_it.c:142:6:UsageFault_Handler	4	static
stm32f4xx_it.c:157:6:SVC_Handler	4	static
stm32f4xx_it.c:170:6:DebugMon_Handler	4	static
stm32f4xx_it.c:183:6:PendSV_Handler	4	static
stm32f4xx_it.c:196:6:SysTick_Handler	8	static
stm32f4xx_it.c:217:6:RCC_IRQHandler	4	static
stm32f4xx_it.c:230:6:DMA1_Stream1_IRQHandler	8	static
stm32f4xx_it.c:244:6:DMA1_Stream3_IRQHandler	8	static
stm32f4xx_it.c:258:6:DMA1_Stream5_IRQHandler	8	static
stm32f4xx_it.c:272:6:DMA1_Stream6_IRQHandler	8	static
stm32f4xx_it.c:286:6:CAN1_TX_IRQHandler	8	static
stm32f4xx_it.c:300:6:CAN1_RX0_IRQHandler	8	static
stm32f4xx_it.c:314:6:CAN1_RX1_IRQHandler	8	static
stm32f4xx_it.c:328:6:CAN1_SCE_IRQHandler	8	static
stm32f4xx_it.c:342:6:USART1_IRQHandler	8	static
stm32f4xx_it.c:356:6:USART2_IRQHandler	8	static
stm32f4xx_it.c:370:6:USART3_IRQHandler	8	static
stm32f4xx_it.c:384:6:UART4_IRQHandler	8	static
stm32f4xx_it.c:398:6:TIM6_DAC_IRQHandler	8	static
stm32f4xx_it.c:412:6:TIM7_IRQHandler	8	static
stm32f4xx_it.c:426:6:DMA2_Stream2_IRQHandler	8	static
stm32f4xx_it.c:440:6:OTG_FS_IRQHandler	8	static
stm32f4xx_it.c:454:6:DMA2_Stream7_IRQHandler	8	static
stm32f4xx_it.c:468:6:USART6_IRQHandler	8	static
