Archive member included to satisfy reference by file (symbol)

c:/st/stm32cubeide_1.0.1/stm32cubeide/plugins/com.st.stm32cube.ide.mcu.externaltools.gnu-tools-for-stm32.7-2018-q2-update.win32_1.0.0.201904181610/tools/bin/../lib/gcc/arm-none-eabi/7.3.1/../../../../arm-none-eabi/lib/thumb/v7e-m/fpv4-sp/hard\libc_nano.a(lib_a-errno.o)
                              Src/syscalls.o (__errno)
c:/st/stm32cubeide_1.0.1/stm32cubeide/plugins/com.st.stm32cube.ide.mcu.externaltools.gnu-tools-for-stm32.7-2018-q2-update.win32_1.0.0.201904181610/tools/bin/../lib/gcc/arm-none-eabi/7.3.1/../../../../arm-none-eabi/lib/thumb/v7e-m/fpv4-sp/hard\libc_nano.a(lib_a-exit.o)
                              c:/st/stm32cubeide_1.0.1/stm32cubeide/plugins/com.st.stm32cube.ide.mcu.externaltools.gnu-tools-for-stm32.7-2018-q2-update.win32_1.0.0.201904181610/tools/bin/../lib/gcc/arm-none-eabi/7.3.1/../../../../arm-none-eabi/lib/thumb/v7e-m/fpv4-sp/hard/crt0.o (exit)
c:/st/stm32cubeide_1.0.1/stm32cubeide/plugins/com.st.stm32cube.ide.mcu.externaltools.gnu-tools-for-stm32.7-2018-q2-update.win32_1.0.0.201904181610/tools/bin/../lib/gcc/arm-none-eabi/7.3.1/../../../../arm-none-eabi/lib/thumb/v7e-m/fpv4-sp/hard\libc_nano.a(lib_a-impure.o)
                              c:/st/stm32cubeide_1.0.1/stm32cubeide/plugins/com.st.stm32cube.ide.mcu.externaltools.gnu-tools-for-stm32.7-2018-q2-update.win32_1.0.0.201904181610/tools/bin/../lib/gcc/arm-none-eabi/7.3.1/../../../../arm-none-eabi/lib/thumb/v7e-m/fpv4-sp/hard\libc_nano.a(lib_a-exit.o) (_global_impure_ptr)
c:/st/stm32cubeide_1.0.1/stm32cubeide/plugins/com.st.stm32cube.ide.mcu.externaltools.gnu-tools-for-stm32.7-2018-q2-update.win32_1.0.0.201904181610/tools/bin/../lib/gcc/arm-none-eabi/7.3.1/../../../../arm-none-eabi/lib/thumb/v7e-m/fpv4-sp/hard\libc_nano.a(lib_a-init.o)
                              c:/st/stm32cubeide_1.0.1/stm32cubeide/plugins/com.st.stm32cube.ide.mcu.externaltools.gnu-tools-for-stm32.7-2018-q2-update.win32_1.0.0.201904181610/tools/bin/../lib/gcc/arm-none-eabi/7.3.1/../../../../arm-none-eabi/lib/thumb/v7e-m/fpv4-sp/hard/crt0.o (__libc_init_array)
c:/st/stm32cubeide_1.0.1/stm32cubeide/plugins/com.st.stm32cube.ide.mcu.externaltools.gnu-tools-for-stm32.7-2018-q2-update.win32_1.0.0.201904181610/tools/bin/../lib/gcc/arm-none-eabi/7.3.1/../../../../arm-none-eabi/lib/thumb/v7e-m/fpv4-sp/hard\libc_nano.a(lib_a-malloc.o)
                              Middlewares/ST/STM32_USB_Device_Library/Class/CDC/Src/usbd_cdc.o (malloc)
c:/st/stm32cubeide_1.0.1/stm32cubeide/plugins/com.st.stm32cube.ide.mcu.externaltools.gnu-tools-for-stm32.7-2018-q2-update.win32_1.0.0.201904181610/tools/bin/../lib/gcc/arm-none-eabi/7.3.1/../../../../arm-none-eabi/lib/thumb/v7e-m/fpv4-sp/hard\libc_nano.a(lib_a-memset.o)
                              c:/st/stm32cubeide_1.0.1/stm32cubeide/plugins/com.st.stm32cube.ide.mcu.externaltools.gnu-tools-for-stm32.7-2018-q2-update.win32_1.0.0.201904181610/tools/bin/../lib/gcc/arm-none-eabi/7.3.1/../../../../arm-none-eabi/lib/thumb/v7e-m/fpv4-sp/hard/crt0.o (memset)
c:/st/stm32cubeide_1.0.1/stm32cubeide/plugins/com.st.stm32cube.ide.mcu.externaltools.gnu-tools-for-stm32.7-2018-q2-update.win32_1.0.0.201904181610/tools/bin/../lib/gcc/arm-none-eabi/7.3.1/../../../../arm-none-eabi/lib/thumb/v7e-m/fpv4-sp/hard\libc_nano.a(lib_a-nano-freer.o)
                              c:/st/stm32cubeide_1.0.1/stm32cubeide/plugins/com.st.stm32cube.ide.mcu.externaltools.gnu-tools-for-stm32.7-2018-q2-update.win32_1.0.0.201904181610/tools/bin/../lib/gcc/arm-none-eabi/7.3.1/../../../../arm-none-eabi/lib/thumb/v7e-m/fpv4-sp/hard\libc_nano.a(lib_a-malloc.o) (_free_r)
c:/st/stm32cubeide_1.0.1/stm32cubeide/plugins/com.st.stm32cube.ide.mcu.externaltools.gnu-tools-for-stm32.7-2018-q2-update.win32_1.0.0.201904181610/tools/bin/../lib/gcc/arm-none-eabi/7.3.1/../../../../arm-none-eabi/lib/thumb/v7e-m/fpv4-sp/hard\libc_nano.a(lib_a-nano-mallocr.o)
                              c:/st/stm32cubeide_1.0.1/stm32cubeide/plugins/com.st.stm32cube.ide.mcu.externaltools.gnu-tools-for-stm32.7-2018-q2-update.win32_1.0.0.201904181610/tools/bin/../lib/gcc/arm-none-eabi/7.3.1/../../../../arm-none-eabi/lib/thumb/v7e-m/fpv4-sp/hard\libc_nano.a(lib_a-malloc.o) (_malloc_r)
c:/st/stm32cubeide_1.0.1/stm32cubeide/plugins/com.st.stm32cube.ide.mcu.externaltools.gnu-tools-for-stm32.7-2018-q2-update.win32_1.0.0.201904181610/tools/bin/../lib/gcc/arm-none-eabi/7.3.1/../../../../arm-none-eabi/lib/thumb/v7e-m/fpv4-sp/hard\libc_nano.a(lib_a-sbrkr.o)
                              c:/st/stm32cubeide_1.0.1/stm32cubeide/plugins/com.st.stm32cube.ide.mcu.externaltools.gnu-tools-for-stm32.7-2018-q2-update.win32_1.0.0.201904181610/tools/bin/../lib/gcc/arm-none-eabi/7.3.1/../../../../arm-none-eabi/lib/thumb/v7e-m/fpv4-sp/hard\libc_nano.a(lib_a-nano-mallocr.o) (_sbrk_r)
[...]
Memory Configuration

Name             Origin             Length             Attributes
FLASH            0x0000000008000000 0x0000000000080000 xr
RAM              0x0000000020000000 0x0000000000020000 xrw
*default*        0x0000000000000000 0xffffffffffffffff

Linker script and memory map

LOAD c:/st/stm32cubeide_1.0.1/stm32cubeide/plugins/com.st.stm32cube.ide.mcu.externaltools.gnu-tools-for-stm32.7-2018-q2-update.win32_1.0.0.201904181610/tools/bin/../lib/gcc/arm-none-eabi/7.3.1/thumb/v7e-m/fpv4-sp/hard/crti.o
LOAD c:/st/stm32cubeide_1.0.1/stm32cubeide/plugins/com.st.stm32cube.ide.mcu.externaltools.gnu-tools-for-stm32.7-2018-q2-update.win32_1.0.0.201904181610/tools/bin/../lib/gcc/arm-none-eabi/7.3.1/thumb/v7e-m/fpv4-sp/hard/crtbegin.o
LOAD c:/st/stm32cubeide_1.0.1/stm32cubeide/plugins/com.st.stm32cube.ide.mcu.externaltools.gnu-tools-for-stm32.7-2018-q2-update.win32_1.0.0.201904181610/tools/bin/../lib/gcc/arm-none-eabi/7.3.1/../../../../arm-none-eabi/lib/thumb/v7e-m/fpv4-sp/hard/crt0.o
LOAD Drivers/STM32F4xx_HAL_Driver/Src/stm32f4xx_hal.o
LOAD Drivers/STM32F4xx_HAL_Driver/Src/stm32f4xx_hal_can.o
LOAD Drivers/STM32F4xx_HAL_Driver/Src/stm32f4xx_hal_cortex.o
LOAD Drivers/STM32F4xx_HAL_Driver/Src/stm32f4xx_hal_dma.o
LOAD Drivers/STM32F4xx_HAL_Driver/Src/stm32f4xx_hal_dma_ex.o
LOAD Drivers/STM32F4xx_HAL_Driver/Src/stm32f4xx_hal_exti.o
LOAD Drivers/STM32F4xx_HAL_Driver/Src/stm32f4xx_hal_flash.o
LOAD Drivers/STM32F4xx_HAL_Driver/Src/stm32f4xx_hal_flash_ex.o
LOAD Drivers/STM32F4xx_HAL_Driver/Src/stm32f4xx_hal_flash_ramfunc.o
LOAD Drivers/STM32F4xx_HAL_Driver/Src/stm32f4xx_hal_gpio.o
LOAD Drivers/STM32F4xx_HAL_Driver/Src/stm32f4xx_hal_pcd.o
LOAD Drivers/STM32F4xx_HAL_Driver/Src/stm32f4xx_hal_pcd_ex.o
LOAD Drivers/STM32F4xx_HAL_Driver/Src/stm32f4xx_hal_pwr.o
LOAD Drivers/STM32F4xx_HAL_Driver/Src/stm32f4xx_hal_pwr_ex.o
LOAD Drivers/STM32F4xx_HAL_Driver/Src/stm32f4xx_hal_rcc.o
LOAD Drivers/STM32F4xx_HAL_Driver/Src/stm32f4xx_hal_rcc_ex.o
LOAD Drivers/STM32F4xx_HAL_Driver/Src/stm32f4xx_hal_tim.o
LOAD Drivers/STM32F4xx_HAL_Driver/Src/stm32f4xx_hal_tim_ex.o
LOAD Drivers/STM32F4xx_HAL_Driver/Src/stm32f4xx_hal_uart.o
LOAD Drivers/STM32F4xx_HAL_Driver/Src/stm32f4xx_ll_usb.o
LOAD Middlewares/ST/STM32_USB_Device_Library/Class/CDC/Src/usbd_cdc.o
LOAD Middlewares/ST/STM32_USB_Device_Library/Core/Src/usbd_core.o
LOAD Middlewares/ST/STM32_USB_Device_Library/Core/Src/usbd_ctlreq.o
LOAD Middlewares/ST/STM32_USB_Device_Library/Core/Src/usbd_ioreq.o
LOAD Src/can.o
LOAD Src/gpio.o
LOAD Src/interrupt_handler.o
LOAD Src/main.o
LOAD Src/stm32f4xx_hal_msp.o
LOAD Src/stm32f4xx_it.o
LOAD Src/syscalls.o
LOAD Src/sysmem.o
LOAD Src/system_stm32f4xx.o
LOAD Src/tim.o
LOAD Src/usart.o
LOAD Src/usb_device.o
LOAD Src/usbd_cdc_if.o
LOAD Src/usbd_conf.o
LOAD Src/usbd_desc.o
LOAD Startup/startup_stm32f446retx.o
START GROUP
LOAD c:/st/stm32cubeide_1.0.1/stm32cubeide/plugins/com.st.stm32cube.ide.mcu.externaltools.gnu-tools-for-stm32.7-2018-q2-update.win32_1.0.0.201904181610/tools/bin/../lib/gcc/arm-none-eabi/7.3.1/../../../../arm-none-eabi/lib/thumb/v7e-m/fpv4-sp/hard\libstdc++_nano.a
LOAD c:/st/stm32cubeide_1.0.1/stm32cubeide/plugins/com.st.stm32cube.ide.mcu.externaltools.gnu-tools-for-stm32.7-2018-q2-update.win32_1.0.0.201904181610/tools/bin/../lib/gcc/arm-none-eabi/7.3.1/../../../../arm-none-eabi/lib/thumb/v7e-m/fpv4-sp/hard\libsupc++_nano.a
END GROUP
LOAD c:/st/stm32cubeide_1.0.1/stm32cubeide/plugins/com.st.stm32cube.ide.mcu.externaltools.gnu-tools-for-stm32.7-2018-q2-update.win32_1.0.0.201904181610/tools/bin/../lib/gcc/arm-none-eabi/7.3.1/../../../../arm-none-eabi/lib/thumb/v7e-m/fpv4-sp/hard\libstdc++_nano.a
LOAD c:/st/stm32cubeide_1.0.1/stm32cubeide/plugins/com.st.stm32cube.ide.mcu.externaltools.gnu-tools-for-stm32.7-2018-q2-update.win32_1.0.0.201904181610/tools/bin/../lib/gcc/arm-none-eabi/7.3.1/../../../../arm-none-eabi/lib/thumb/v7e-m/fpv4-sp/hard\libm.a
LOAD c:/st/stm32cubeide_1.0.1/stm32cubeide/plugins/com.st.stm32cube.ide.mcu.externaltools.gnu-tools-for-stm32.7-2018-q2-update.win32_1.0.0.201904181610/tools/bin/../lib/gcc/arm-none-eabi/7.3.1/../../../../arm-none-eabi/lib/thumb/v7e-m/fpv4-sp/hard\libc_nano.a
START GROUP
LOAD c:/st/stm32cubeide_1.0.1/stm32cubeide/plugins/com.st.stm32cube.ide.mcu.externaltools.gnu-tools-for-stm32.7-2018-q2-update.win32_1.0.0.201904181610/tools/bin/../lib/gcc/arm-none-eabi/7.3.1/thumb/v7e-m/fpv4-sp/hard\libgcc.a
LOAD c:/st/stm32cubeide_1.0.1/stm32cubeide/plugins/com.st.stm32cube.ide.mcu.externaltools.gnu-tools-for-stm32.7-2018-q2-update.win32_1.0.0.201904181610/tools/bin/../lib/gcc/arm-none-eabi/7.3.1/../../../../arm-none-eabi/lib/thumb/v7e-m/fpv4-sp/hard\libc_nano.a
END GROUP
START GROUP
LOAD c:/st/stm32cubeide_1.0.1/stm32cubeide/plugins/com.st.stm32cube.ide.mcu.externaltools.gnu-tools-for-stm32.7-2018-q2-update.win32_1.0.0.201904181610/tools/bin/../lib/gcc/arm-none-eabi/7.3.1/thumb/v7e-m/fpv4-sp/hard\libgcc.a
LOAD c:/st/stm32cubeide_1.0.1/stm32cubeide/plugins/com.st.stm32cube.ide.mcu.externaltools.gnu-tools-for-stm32.7-2018-q2-update.win32_1.0.0.201904181610/tools/bin/../lib/gcc/arm-none-eabi/7.3.1/../../../../arm-none-eabi/lib/thumb/v7e-m/fpv4-sp/hard\libc_nano.a
LOAD c:/st/stm32cubeide_1.0.1/stm32cubeide/plugins/com.st.stm32cube.ide.mcu.externaltools.gnu-tools-for-stm32.7-2018-q2-update.win32_1.0.0.201904181610/tools/bin/../lib/gcc/arm-none-eabi/7.3.1/../../../../arm-none-eabi/lib/thumb/v7e-m/fpv4-sp/hard\libnosys.a
END GROUP
START GROUP
LOAD c:/st/stm32cubeide_1.0.1/stm32cubeide/plugins/com.st.stm32cube.ide.mcu.externaltools.gnu-tools-for-stm32.7-2018-q2-update.win32_1.0.0.201904181610/tools/bin/../lib/gcc/arm-none-eabi/7.3.1/thumb/v7e-m/fpv4-sp/hard\libgcc.a
LOAD c:/st/stm32cubeide_1.0.1/stm32cubeide/plugins/com.st.stm32cube.ide.mcu.externaltools.gnu-tools-for-stm32.7-2018-q2-update.win32_1.0.0.201904181610/tools/bin/../lib/gcc/arm-none-eabi/7.3.1/../../../../arm-none-eabi/lib/thumb/v7e-m/fpv4-sp/hard\libc_nano.a
LOAD c:/st/stm32cubeide_1.0.1/stm32cubeide/plugins/com.st.stm32cube.ide.mcu.externaltools.gnu-tools-for-stm32.7-2018-q2-update.win32_1.0.0.201904181610/tools/bin/../lib/gcc/arm-none-eabi/7.3.1/../../../../arm-none-eabi/lib/thumb/v7e-m/fpv4-sp/hard\libnosys.a
END GROUP
LOAD c:/st/stm32cubeide_1.0.1/stm32cubeide/plugins/com.st.stm32cube.ide.mcu.externaltools.gnu-tools-for-stm32.7-2018-q2-update.win32_1.0.0.201904181610/tools/bin/../lib/gcc/arm-none-eabi/7.3.1/thumb/v7e-m/fpv4-sp/hard/crtend.o
LOAD c:/st/stm32cubeide_1.0.1/stm32cubeide/plugins/com.st.stm32cube.ide.mcu.externaltools.gnu-tools-for-stm32.7-2018-q2-update.win32_1.0.0.201904181610/tools/bin/../lib/gcc/arm-none-eabi/7.3.1/thumb/v7e-m/fpv4-sp/hard/crtn.o
                0x0000000020020000                _estack = 0x20020000
                0x0000000000000200                _Min_Heap_Size = 0x200
                0x0000000000000400                _Min_Stack_Size = 0x400

.isr_vector     0x0000000008000000      0x1c4
                0x0000000008000000                . = ALIGN (0x4)
 *(.isr_vector)
 .isr_vector    0x0000000008000000      0x1c4 Startup/startup_stm32f446retx.o
                0x0000000008000000                g_pfnVectors
                0x00000000080001c4                . = ALIGN (0x4)

.text           0x00000000080001c4     0x8958
                0x00000000080001c4                . = ALIGN (0x4)
 *(.text)
 .text          0x00000000080001c4       0x40 c:/st/stm32cubeide_1.0.1/stm32cubeide/plugins/com.st.stm32cube.ide.mcu.externaltools.gnu-tools-for-stm32.7-2018-q2-update.win32_1.0.0.201904181610/tools/bin/../lib/gcc/arm-none-eabi/7.3.1/thumb/v7e-m/fpv4-sp/hard/crtbegin.o
 .text          0x0000000008000204       0x30 c:/st/stm32cubeide_1.0.1/stm32cubeide/plugins/com.st.stm32cube.ide.mcu.externaltools.gnu-tools-for-stm32.7-2018-q2-update.win32_1.0.0.201904181610/tools/bin/../lib/gcc/arm-none-eabi/7.3.1/thumb/v7e-m/fpv4-sp/hard\libgcc.a(_aeabi_uldivmod.o)
                0x0000000008000204                __aeabi_uldivmod
 .text          0x0000000008000234      0x2cc c:/st/stm32cubeide_1.0.1/stm32cubeide/plugins/com.st.stm32cube.ide.mcu.externaltools.gnu-tools-for-stm32.7-2018-q2-update.win32_1.0.0.201904181610/tools/bin/../lib/gcc/arm-none-eabi/7.3.1/thumb/v7e-m/fpv4-sp/hard\libgcc.a(_udivmoddi4.o)
                0x0000000008000234                __udivmoddi4
 .text          0x0000000008000500        0x4 c:/st/stm32cubeide_1.0.1/stm32cubeide/plugins/com.st.stm32cube.ide.mcu.externaltools.gnu-tools-for-stm32.7-2018-q2-update.win32_1.0.0.201904181610/tools/bin/../lib/gcc/arm-none-eabi/7.3.1/thumb/v7e-m/fpv4-sp/hard\libgcc.a(_dvmd_tls.o)
                0x0000000008000500                __aeabi_idiv0
                0x0000000008000500                __aeabi_ldiv0
 *(.text*)
 .text.HAL_Init
                0x0000000008000504       0x44 Drivers/STM32F4xx_HAL_Driver/Src/stm32f4xx_hal.o
                0x0000000008000504                HAL_Init
 .text.HAL_InitTick
                0x0000000008000548       0x60 Drivers/STM32F4xx_HAL_Driver/Src/stm32f4xx_hal.o
                0x0000000008000548                HAL_InitTick
 .text.HAL_IncTick
                0x00000000080005a8       0x28 Drivers/STM32F4xx_HAL_Driver/Src/stm32f4xx_hal.o
                0x00000000080005a8                HAL_IncTick
 .text.HAL_GetTick
                0x00000000080005d0       0x18 Drivers/STM32F4xx_HAL_Driver/Src/stm32f4xx_hal.o
                0x00000000080005d0                HAL_GetTick
 .text.HAL_Delay
                0x00000000080005e8       0x44 Drivers/STM32F4xx_HAL_Driver/Src/stm32f4xx_hal.o
                0x00000000080005e8                HAL_Delay
 .text.HAL_CAN_Init
                0x000000000800062c      0x1f6 Drivers/STM32F4xx_HAL_Driver/Src/stm32f4xx_hal_can.o
                0x000000000800062c                HAL_CAN_Init
 .text.HAL_CAN_IRQHandler
                0x0000000008000822      0x362 Drivers/STM32F4xx_HAL_Driver/Src/stm32f4xx_hal_can.o
                0x0000000008000822                HAL_CAN_IRQHandler
 .text.HAL_CAN_TxMailbox0CompleteCallback
                0x0000000008000b84       0x14 Drivers/STM32F4xx_HAL_Driver/Src/stm32f4xx_hal_can.o
                0x0000000008000b84                HAL_CAN_TxMailbox0CompleteCallback
 .text.HAL_CAN_TxMailbox1CompleteCallback
                0x0000000008000b98       0x14 Drivers/STM32F4xx_HAL_Driver/Src/stm32f4xx_hal_can.o
                0x0000000008000b98                HAL_CAN_TxMailbox1CompleteCallback
 .text.HAL_CAN_TxMailbox2CompleteCallback
                0x0000000008000bac       0x14 Drivers/STM32F4xx_HAL_Driver/Src/stm32f4xx_hal_can.o
                0x0000000008000bac                HAL_CAN_TxMailbox2CompleteCallback
 .text.HAL_CAN_TxMailbox0AbortCallback
                0x0000000008000bc0       0x14 Drivers/STM32F4xx_HAL_Driver/Src/stm32f4xx_hal_can.o
                0x0000000008000bc0                HAL_CAN_TxMailbox0AbortCallback
 .text.HAL_CAN_TxMailbox1AbortCallback
                0x0000000008000bd4       0x14 Drivers/STM32F4xx_HAL_Driver/Src/stm32f4xx_hal_can.o
                0x0000000008000bd4                HAL_CAN_TxMailbox1AbortCallback
 .text.HAL_CAN_TxMailbox2AbortCallback
                0x0000000008000be8       0x14 Drivers/STM32F4xx_HAL_Driver/Src/stm32f4xx_hal_can.o
                0x0000000008000be8                HAL_CAN_TxMailbox2AbortCallback
 .text.HAL_CAN_RxFifo0MsgPendingCallback
                0x0000000008000bfc       0x14 Drivers/STM32F4xx_HAL_Driver/Src/stm32f4xx_hal_can.o
                0x0000000008000bfc                HAL_CAN_RxFifo0MsgPendingCallback
 .text.HAL_CAN_RxFifo0FullCallback
                0x0000000008000c10       0x14 Drivers/STM32F4xx_HAL_Driver/Src/stm32f4xx_hal_can.o
                0x0000000008000c10                HAL_CAN_RxFifo0FullCallback
 .text.HAL_CAN_RxFifo1MsgPendingCallback
                0x0000000008000c24       0x14 Drivers/STM32F4xx_HAL_Driver/Src/stm32f4xx_hal_can.o
                0x0000000008000c24                HAL_CAN_RxFifo1MsgPendingCallback
 .text.HAL_CAN_RxFifo1FullCallback
                0x0000000008000c38       0x14 Drivers/STM32F4xx_HAL_Driver/Src/stm32f4xx_hal_can.o
                0x0000000008000c38                HAL_CAN_RxFifo1FullCallback
 .text.HAL_CAN_SleepCallback
                0x0000000008000c4c       0x14 Drivers/STM32F4xx_HAL_Driver/Src/stm32f4xx_hal_can.o
                0x0000000008000c4c                HAL_CAN_SleepCallback
 .text.HAL_CAN_WakeUpFromRxMsgCallback
                0x0000000008000c60       0x14 Drivers/STM32F4xx_HAL_Driver/Src/stm32f4xx_hal_can.o
                0x0000000008000c60                HAL_CAN_WakeUpFromRxMsgCallback
 .text.HAL_CAN_ErrorCallback
                0x0000000008000c74       0x14 Drivers/STM32F4xx_HAL_Driver/Src/stm32f4xx_hal_can.o
                0x0000000008000c74                HAL_CAN_ErrorCallback
 .text.__NVIC_SetPriorityGrouping
                0x0000000008000c88       0x48 Drivers/STM32F4xx_HAL_Driver/Src/stm32f4xx_hal_cortex.o
 .text.__NVIC_GetPriorityGrouping
                0x0000000008000cd0       0x1c Drivers/STM32F4xx_HAL_Driver/Src/stm32f4xx_hal_cortex.o
 .text.__NVIC_EnableIRQ
                0x0000000008000cec       0x3c Drivers/STM32F4xx_HAL_Driver/Src/stm32f4xx_hal_cortex.o
 .text.__NVIC_SetPriority
                0x0000000008000d28       0x54 Drivers/STM32F4xx_HAL_Driver/Src/stm32f4xx_hal_cortex.o
 .text.NVIC_EncodePriority
                0x0000000008000d7c       0x66 Drivers/STM32F4xx_HAL_Driver/Src/stm32f4xx_hal_cortex.o
 *fill*         0x0000000008000de2        0x2 
 .text.SysTick_Config
                0x0000000008000de4       0x44 Drivers/STM32F4xx_HAL_Driver/Src/stm32f4xx_hal_cortex.o
 .text.HAL_NVIC_SetPriorityGrouping
                0x0000000008000e28       0x16 Drivers/STM32F4xx_HAL_Driver/Src/stm32f4xx_hal_cortex.o
                0x0000000008000e28                HAL_NVIC_SetPriorityGrouping
 .text.HAL_NVIC_SetPriority
                0x0000000008000e3e       0x38 Drivers/STM32F4xx_HAL_Driver/Src/stm32f4xx_hal_cortex.o
                0x0000000008000e3e                HAL_NVIC_SetPriority
 .text.HAL_NVIC_EnableIRQ
                0x0000000008000e76       0x1c Drivers/STM32F4xx_HAL_Driver/Src/stm32f4xx_hal_cortex.o
                0x0000000008000e76                HAL_NVIC_EnableIRQ
 .text.HAL_SYSTICK_Config
                0x0000000008000e92       0x18 Drivers/STM32F4xx_HAL_Driver/Src/stm32f4xx_hal_cortex.o
                0x0000000008000e92                HAL_SYSTICK_Config
 .text.HAL_DMA_Abort_IT
                0x0000000008000eaa       0x44 Drivers/STM32F4xx_HAL_Driver/Src/stm32f4xx_hal_dma.o
                0x0000000008000eaa                HAL_DMA_Abort_IT
 *fill*         0x0000000008000eee        0x2 
 .text.HAL_GPIO_Init
                0x0000000008000ef0      0x324 Drivers/STM32F4xx_HAL_Driver/Src/stm32f4xx_hal_gpio.o
                0x0000000008000ef0                HAL_GPIO_Init
 .text.HAL_GPIO_WritePin
                0x0000000008001214       0x32 Drivers/STM32F4xx_HAL_Driver/Src/stm32f4xx_hal_gpio.o
                0x0000000008001214                HAL_GPIO_WritePin
 .text.HAL_GPIO_TogglePin
                0x0000000008001246       0x36 Drivers/STM32F4xx_HAL_Driver/Src/stm32f4xx_hal_gpio.o
                0x0000000008001246                HAL_GPIO_TogglePin
 .text.HAL_PCD_Init
                0x000000000800127c      0x248 Drivers/STM32F4xx_HAL_Driver/Src/stm32f4xx_hal_pcd.o
                0x000000000800127c                HAL_PCD_Init
 .text.HAL_PCD_Start
                0x00000000080014c4       0x66 Drivers/STM32F4xx_HAL_Driver/Src/stm32f4xx_hal_pcd.o
                0x00000000080014c4                HAL_PCD_Start
 .text.HAL_PCD_IRQHandler
                0x000000000800152a      0x7a0 Drivers/STM32F4xx_HAL_Driver/Src/stm32f4xx_hal_pcd.o
                0x000000000800152a                HAL_PCD_IRQHandler
 .text.HAL_PCD_SetAddress
                0x0000000008001cca       0x4a Drivers/STM32F4xx_HAL_Driver/Src/stm32f4xx_hal_pcd.o
                0x0000000008001cca                HAL_PCD_SetAddress
 .text.HAL_PCD_EP_Open
                0x0000000008001d14       0xd0 Drivers/STM32F4xx_HAL_Driver/Src/stm32f4xx_hal_pcd.o
                0x0000000008001d14                HAL_PCD_EP_Open
 .text.HAL_PCD_EP_Close
                0x0000000008001de4       0x94 Drivers/STM32F4xx_HAL_Driver/Src/stm32f4xx_hal_pcd.o
                0x0000000008001de4                HAL_PCD_EP_Close
 .text.HAL_PCD_EP_Receive
                0x0000000008001e78       0x96 Drivers/STM32F4xx_HAL_Driver/Src/stm32f4xx_hal_pcd.o
                0x0000000008001e78                HAL_PCD_EP_Receive
 .text.HAL_PCD_EP_GetRxCount
                0x0000000008001f0e       0x30 Drivers/STM32F4xx_HAL_Driver/Src/stm32f4xx_hal_pcd.o
                0x0000000008001f0e                HAL_PCD_EP_GetRxCount
 .text.HAL_PCD_EP_Transmit
                0x0000000008001f3e       0x94 Drivers/STM32F4xx_HAL_Driver/Src/stm32f4xx_hal_pcd.o
                0x0000000008001f3e                HAL_PCD_EP_Transmit
 .text.HAL_PCD_EP_SetStall
                0x0000000008001fd2       0xc8 Drivers/STM32F4xx_HAL_Driver/Src/stm32f4xx_hal_pcd.o
                0x0000000008001fd2                HAL_PCD_EP_SetStall
 .text.HAL_PCD_EP_ClrStall
                0x000000000800209a       0xac Drivers/STM32F4xx_HAL_Driver/Src/stm32f4xx_hal_pcd.o
                0x000000000800209a                HAL_PCD_EP_ClrStall
 .text.PCD_WriteEmptyTxFifo
                0x0000000008002146      0x11a Drivers/STM32F4xx_HAL_Driver/Src/stm32f4xx_hal_pcd.o
 .text.PCD_EP_OutXfrComplete_int
                0x0000000008002260      0x210 Drivers/STM32F4xx_HAL_Driver/Src/stm32f4xx_hal_pcd.o
 .text.PCD_EP_OutSetupPacket_int
                0x0000000008002470       0xc0 Drivers/STM32F4xx_HAL_Driver/Src/stm32f4xx_hal_pcd.o
 .text.HAL_PCDEx_SetTxFiFo
                0x0000000008002530       0x8e Drivers/STM32F4xx_HAL_Driver/Src/stm32f4xx_hal_pcd_ex.o
                0x0000000008002530                HAL_PCDEx_SetTxFiFo
 .text.HAL_PCDEx_SetRxFiFo
                0x00000000080025be       0x22 Drivers/STM32F4xx_HAL_Driver/Src/stm32f4xx_hal_pcd_ex.o
                0x00000000080025be                HAL_PCDEx_SetRxFiFo
 .text.HAL_PCDEx_ActivateLPM
                0x00000000080025e0       0x48 Drivers/STM32F4xx_HAL_Driver/Src/stm32f4xx_hal_pcd_ex.o
                0x00000000080025e0                HAL_PCDEx_ActivateLPM
 .text.HAL_RCC_ClockConfig
                0x0000000008002628      0x1c4 Drivers/STM32F4xx_HAL_Driver/Src/stm32f4xx_hal_rcc.o
                0x0000000008002628                HAL_RCC_ClockConfig
 .text.HAL_RCC_GetHCLKFreq
                0x00000000080027ec       0x18 Drivers/STM32F4xx_HAL_Driver/Src/stm32f4xx_hal_rcc.o
                0x00000000080027ec                HAL_RCC_GetHCLKFreq
 .text.HAL_RCC_GetPCLK1Freq
                0x0000000008002804       0x28 Drivers/STM32F4xx_HAL_Driver/Src/stm32f4xx_hal_rcc.o
                0x0000000008002804                HAL_RCC_GetPCLK1Freq
 .text.HAL_RCC_GetPCLK2Freq
                0x000000000800282c       0x28 Drivers/STM32F4xx_HAL_Driver/Src/stm32f4xx_hal_rcc.o
                0x000000000800282c                HAL_RCC_GetPCLK2Freq
 .text.HAL_RCCEx_PeriphCLKConfig
                0x0000000008002854      0x654 Drivers/STM32F4xx_HAL_Driver/Src/stm32f4xx_hal_rcc_ex.o
                0x0000000008002854                HAL_RCCEx_PeriphCLKConfig
 .text.HAL_RCC_GetSysClockFreq
                0x0000000008002ea8      0x33c Drivers/STM32F4xx_HAL_Driver/Src/stm32f4xx_hal_rcc_ex.o
                0x0000000008002ea8                HAL_RCC_GetSysClockFreq
 .text.HAL_RCC_OscConfig
                0x00000000080031e4      0x4b4 Drivers/STM32F4xx_HAL_Driver/Src/stm32f4xx_hal_rcc_ex.o
                0x00000000080031e4                HAL_RCC_OscConfig
 .text.HAL_TIM_Base_Init
                0x0000000008003698       0x56 Drivers/STM32F4xx_HAL_Driver/Src/stm32f4xx_hal_tim.o
                0x0000000008003698                HAL_TIM_Base_Init
 .text.HAL_TIM_Base_Start_IT
                0x00000000080036ee       0x48 Drivers/STM32F4xx_HAL_Driver/Src/stm32f4xx_hal_tim.o
                0x00000000080036ee                HAL_TIM_Base_Start_IT
 .text.HAL_TIM_IRQHandler
                0x0000000008003736      0x210 Drivers/STM32F4xx_HAL_Driver/Src/stm32f4xx_hal_tim.o
                0x0000000008003736                HAL_TIM_IRQHandler
 .text.HAL_TIM_OC_DelayElapsedCallback
                0x0000000008003946       0x14 Drivers/STM32F4xx_HAL_Driver/Src/stm32f4xx_hal_tim.o
                0x0000000008003946                HAL_TIM_OC_DelayElapsedCallback
 .text.HAL_TIM_IC_CaptureCallback
                0x000000000800395a       0x14 Drivers/STM32F4xx_HAL_Driver/Src/stm32f4xx_hal_tim.o
                0x000000000800395a                HAL_TIM_IC_CaptureCallback
 .text.HAL_TIM_PWM_PulseFinishedCallback
                0x000000000800396e       0x14 Drivers/STM32F4xx_HAL_Driver/Src/stm32f4xx_hal_tim.o
                0x000000000800396e                HAL_TIM_PWM_PulseFinishedCallback
 .text.HAL_TIM_TriggerCallback
                0x0000000008003982       0x14 Drivers/STM32F4xx_HAL_Driver/Src/stm32f4xx_hal_tim.o
                0x0000000008003982                HAL_TIM_TriggerCallback
 *fill*         0x0000000008003996        0x2 
 .text.TIM_Base_SetConfig
                0x0000000008003998      0x140 Drivers/STM32F4xx_HAL_Driver/Src/stm32f4xx_hal_tim.o
                0x0000000008003998                TIM_Base_SetConfig
 .text.HAL_TIMEx_MasterConfigSynchronization
                0x0000000008003ad8       0x8a Drivers/STM32F4xx_HAL_Driver/Src/stm32f4xx_hal_tim_ex.o
                0x0000000008003ad8                HAL_TIMEx_MasterConfigSynchronization
 .text.HAL_TIMEx_CommutCallback
                0x0000000008003b62       0x14 Drivers/STM32F4xx_HAL_Driver/Src/stm32f4xx_hal_tim_ex.o
                0x0000000008003b62                HAL_TIMEx_CommutCallback
 .text.HAL_TIMEx_BreakCallback
                0x0000000008003b76       0x14 Drivers/STM32F4xx_HAL_Driver/Src/stm32f4xx_hal_tim_ex.o
                0x0000000008003b76                HAL_TIMEx_BreakCallback
 .text.HAL_UART_Init
                0x0000000008003b8a       0x9a Drivers/STM32F4xx_HAL_Driver/Src/stm32f4xx_hal_uart.o
                0x0000000008003b8a                HAL_UART_Init
 .text.HAL_UART_IRQHandler
                0x0000000008003c24      0x1f8 Drivers/STM32F4xx_HAL_Driver/Src/stm32f4xx_hal_uart.o
                0x0000000008003c24                HAL_UART_IRQHandler
 .text.HAL_UART_ErrorCallback
                0x0000000008003e1c       0x14 Drivers/STM32F4xx_HAL_Driver/Src/stm32f4xx_hal_uart.o
                0x0000000008003e1c                HAL_UART_ErrorCallback
 .text.UART_EndRxTransfer
                0x0000000008003e30       0x3c Drivers/STM32F4xx_HAL_Driver/Src/stm32f4xx_hal_uart.o
 .text.UART_DMAAbortOnError
                0x0000000008003e6c       0x28 Drivers/STM32F4xx_HAL_Driver/Src/stm32f4xx_hal_uart.o
 .text.UART_Transmit_IT
                0x0000000008003e94       0xac Drivers/STM32F4xx_HAL_Driver/Src/stm32f4xx_hal_uart.o
 .text.UART_EndTransmit_IT
                0x0000000008003f40       0x30 Drivers/STM32F4xx_HAL_Driver/Src/stm32f4xx_hal_uart.o
 .text.UART_Receive_IT
                0x0000000008003f70      0x102 Drivers/STM32F4xx_HAL_Driver/Src/stm32f4xx_hal_uart.o
 *fill*         0x0000000008004072        0x2 
 .text.UART_SetConfig
                0x0000000008004074      0x414 Drivers/STM32F4xx_HAL_Driver/Src/stm32f4xx_hal_uart.o
 .text.USB_CoreInit
                0x0000000008004488       0xc2 Drivers/STM32F4xx_HAL_Driver/Src/stm32f4xx_ll_usb.o
                0x0000000008004488                USB_CoreInit
 *fill*         0x000000000800454a        0x2 
 .text.USB_SetTurnaroundTime
                0x000000000800454c      0x144 Drivers/STM32F4xx_HAL_Driver/Src/stm32f4xx_ll_usb.o
                0x000000000800454c                USB_SetTurnaroundTime
 .text.USB_EnableGlobalInt
                0x0000000008004690       0x22 Drivers/STM32F4xx_HAL_Driver/Src/stm32f4xx_ll_usb.o
                0x0000000008004690                USB_EnableGlobalInt
 .text.USB_DisableGlobalInt
                0x00000000080046b2       0x22 Drivers/STM32F4xx_HAL_Driver/Src/stm32f4xx_ll_usb.o
                0x00000000080046b2                USB_DisableGlobalInt
 .text.USB_SetCurrentMode
                0x00000000080046d4       0x54 Drivers/STM32F4xx_HAL_Driver/Src/stm32f4xx_ll_usb.o
                0x00000000080046d4                USB_SetCurrentMode
 .text.USB_DevInit
                0x0000000008004728      0x2d8 Drivers/STM32F4xx_HAL_Driver/Src/stm32f4xx_ll_usb.o
                0x0000000008004728                USB_DevInit
 .text.USB_FlushTxFifo
                0x0000000008004a00       0x4c Drivers/STM32F4xx_HAL_Driver/Src/stm32f4xx_ll_usb.o
                0x0000000008004a00                USB_FlushTxFifo
 .text.USB_FlushRxFifo
                0x0000000008004a4c       0x44 Drivers/STM32F4xx_HAL_Driver/Src/stm32f4xx_ll_usb.o
                0x0000000008004a4c                USB_FlushRxFifo
 .text.USB_SetDevSpeed
                0x0000000008004a90       0x32 Drivers/STM32F4xx_HAL_Driver/Src/stm32f4xx_ll_usb.o
                0x0000000008004a90                USB_SetDevSpeed
 .text.USB_GetDevSpeed
                0x0000000008004ac2       0x4a Drivers/STM32F4xx_HAL_Driver/Src/stm32f4xx_ll_usb.o
                0x0000000008004ac2                USB_GetDevSpeed
 .text.USB_ActivateEndpoint
                0x0000000008004b0c      0x10e Drivers/STM32F4xx_HAL_Driver/Src/stm32f4xx_ll_usb.o
                0x0000000008004b0c                USB_ActivateEndpoint
 *fill*         0x0000000008004c1a        0x2 
 .text.USB_DeactivateEndpoint
                0x0000000008004c1c      0x108 Drivers/STM32F4xx_HAL_Driver/Src/stm32f4xx_ll_usb.o
                0x0000000008004c1c                USB_DeactivateEndpoint
 .text.USB_EPStartXfer
                0x0000000008004d24      0x488 Drivers/STM32F4xx_HAL_Driver/Src/stm32f4xx_ll_usb.o
                0x0000000008004d24                USB_EPStartXfer
 .text.USB_EP0StartXfer
                0x00000000080051ac      0x2a6 Drivers/STM32F4xx_HAL_Driver/Src/stm32f4xx_ll_usb.o
                0x00000000080051ac                USB_EP0StartXfer
 .text.USB_WritePacket
                0x0000000008005452       0x6a Drivers/STM32F4xx_HAL_Driver/Src/stm32f4xx_ll_usb.o
                0x0000000008005452                USB_WritePacket
 .text.USB_ReadPacket
                0x00000000080054bc       0x52 Drivers/STM32F4xx_HAL_Driver/Src/stm32f4xx_ll_usb.o
                0x00000000080054bc                USB_ReadPacket
 .text.USB_EPSetStall
                0x000000000800550e       0xdc Drivers/STM32F4xx_HAL_Driver/Src/stm32f4xx_ll_usb.o
                0x000000000800550e                USB_EPSetStall
 .text.USB_EPClearStall
                0x00000000080055ea       0xcc Drivers/STM32F4xx_HAL_Driver/Src/stm32f4xx_ll_usb.o
                0x00000000080055ea                USB_EPClearStall
 .text.USB_SetDevAddress
                0x00000000080056b6       0x4c Drivers/STM32F4xx_HAL_Driver/Src/stm32f4xx_ll_usb.o
                0x00000000080056b6                USB_SetDevAddress
 .text.USB_DevConnect
                0x0000000008005702       0x30 Drivers/STM32F4xx_HAL_Driver/Src/stm32f4xx_ll_usb.o
                0x0000000008005702                USB_DevConnect
 .text.USB_DevDisconnect
                0x0000000008005732       0x30 Drivers/STM32F4xx_HAL_Driver/Src/stm32f4xx_ll_usb.o
                0x0000000008005732                USB_DevDisconnect
 .text.USB_ReadInterrupts
                0x0000000008005762       0x26 Drivers/STM32F4xx_HAL_Driver/Src/stm32f4xx_ll_usb.o
                0x0000000008005762                USB_ReadInterrupts
 .text.USB_ReadDevAllOutEpInterrupt
                0x0000000008005788       0x34 Drivers/STM32F4xx_HAL_Driver/Src/stm32f4xx_ll_usb.o
                0x0000000008005788                USB_ReadDevAllOutEpInterrupt
 .text.USB_ReadDevAllInEpInterrupt
                0x00000000080057bc       0x34 Drivers/STM32F4xx_HAL_Driver/Src/stm32f4xx_ll_usb.o
                0x00000000080057bc                USB_ReadDevAllInEpInterrupt
 .text.USB_ReadDevOutEPInterrupt
                0x00000000080057f0       0x3c Drivers/STM32F4xx_HAL_Driver/Src/stm32f4xx_ll_usb.o
                0x00000000080057f0                USB_ReadDevOutEPInterrupt
 .text.USB_ReadDevInEPInterrupt
                0x000000000800582c       0x5c Drivers/STM32F4xx_HAL_Driver/Src/stm32f4xx_ll_usb.o
                0x000000000800582c                USB_ReadDevInEPInterrupt
 .text.USB_GetMode
                0x0000000008005888       0x1c Drivers/STM32F4xx_HAL_Driver/Src/stm32f4xx_ll_usb.o
                0x0000000008005888                USB_GetMode
 .text.USB_ActivateSetup
                0x00000000080058a4       0x6a Drivers/STM32F4xx_HAL_Driver/Src/stm32f4xx_ll_usb.o
                0x00000000080058a4                USB_ActivateSetup
 *fill*         0x000000000800590e        0x2 
 .text.USB_EP0_OutStart
                0x0000000008005910       0xbc Drivers/STM32F4xx_HAL_Driver/Src/stm32f4xx_ll_usb.o
                0x0000000008005910                USB_EP0_OutStart
 .text.USB_CoreReset
                0x00000000080059cc       0x68 Drivers/STM32F4xx_HAL_Driver/Src/stm32f4xx_ll_usb.o
 .text.USBD_CDC_Init
                0x0000000008005a34       0xf6 Middlewares/ST/STM32_USB_Device_Library/Class/CDC/Src/usbd_cdc.o
 .text.USBD_CDC_DeInit
                0x0000000008005b2a       0x6e Middlewares/ST/STM32_USB_Device_Library/Class/CDC/Src/usbd_cdc.o
 .text.USBD_CDC_Setup
                0x0000000008005b98      0x140 Middlewares/ST/STM32_USB_Device_Library/Class/CDC/Src/usbd_cdc.o
 .text.USBD_CDC_DataIn
                0x0000000008005cd8       0xa6 Middlewares/ST/STM32_USB_Device_Library/Class/CDC/Src/usbd_cdc.o
 .text.USBD_CDC_DataOut
                0x0000000008005d7e       0x56 Middlewares/ST/STM32_USB_Device_Library/Class/CDC/Src/usbd_cdc.o
 .text.USBD_CDC_EP0_RxReady
                0x0000000008005dd4       0x50 Middlewares/ST/STM32_USB_Device_Library/Class/CDC/Src/usbd_cdc.o
 .text.USBD_CDC_GetFSCfgDesc
                0x0000000008005e24       0x20 Middlewares/ST/STM32_USB_Device_Library/Class/CDC/Src/usbd_cdc.o
 .text.USBD_CDC_GetHSCfgDesc
                0x0000000008005e44       0x20 Middlewares/ST/STM32_USB_Device_Library/Class/CDC/Src/usbd_cdc.o
 .text.USBD_CDC_GetOtherSpeedCfgDesc
                0x0000000008005e64       0x20 Middlewares/ST/STM32_USB_Device_Library/Class/CDC/Src/usbd_cdc.o
 .text.USBD_CDC_GetDeviceQualifierDescriptor
                0x0000000008005e84       0x20 Middlewares/ST/STM32_USB_Device_Library/Class/CDC/Src/usbd_cdc.o
                0x0000000008005e84                USBD_CDC_GetDeviceQualifierDescriptor
 .text.USBD_CDC_RegisterInterface
                0x0000000008005ea4       0x2e Middlewares/ST/STM32_USB_Device_Library/Class/CDC/Src/usbd_cdc.o
                0x0000000008005ea4                USBD_CDC_RegisterInterface
 .text.USBD_CDC_SetTxBuffer
                0x0000000008005ed2       0x34 Middlewares/ST/STM32_USB_Device_Library/Class/CDC/Src/usbd_cdc.o
                0x0000000008005ed2                USBD_CDC_SetTxBuffer
 .text.USBD_CDC_SetRxBuffer
                0x0000000008005f06       0x28 Middlewares/ST/STM32_USB_Device_Library/Class/CDC/Src/usbd_cdc.o
                0x0000000008005f06                USBD_CDC_SetRxBuffer
 .text.USBD_CDC_ReceivePacket
                0x0000000008005f2e       0x54 Middlewares/ST/STM32_USB_Device_Library/Class/CDC/Src/usbd_cdc.o
                0x0000000008005f2e                USBD_CDC_ReceivePacket
 .text.USBD_Init
                0x0000000008005f82       0x56 Middlewares/ST/STM32_USB_Device_Library/Core/Src/usbd_core.o
                0x0000000008005f82                USBD_Init
 .text.USBD_RegisterClass
                0x0000000008005fd8       0x34 Middlewares/ST/STM32_USB_Device_Library/Core/Src/usbd_core.o
                0x0000000008005fd8                USBD_RegisterClass
 .text.USBD_Start
                0x000000000800600c       0x18 Middlewares/ST/STM32_USB_Device_Library/Core/Src/usbd_core.o
                0x000000000800600c                USBD_Start
 .text.USBD_RunTestMode
                0x0000000008006024       0x16 Middlewares/ST/STM32_USB_Device_Library/Core/Src/usbd_core.o
                0x0000000008006024                USBD_RunTestMode
 .text.USBD_SetClassConfig
                0x000000000800603a       0x3e Middlewares/ST/STM32_USB_Device_Library/Core/Src/usbd_core.o
                0x000000000800603a                USBD_SetClassConfig
 .text.USBD_ClrClassConfig
                0x0000000008006078       0x26 Middlewares/ST/STM32_USB_Device_Library/Core/Src/usbd_core.o
                0x0000000008006078                USBD_ClrClassConfig
 .text.USBD_LL_SetupStage
                0x000000000800609e       0x96 Middlewares/ST/STM32_USB_Device_Library/Core/Src/usbd_core.o
                0x000000000800609e                USBD_LL_SetupStage
 .text.USBD_LL_DataOutStage
                0x0000000008006134       0xe2 Middlewares/ST/STM32_USB_Device_Library/Core/Src/usbd_core.o
                0x0000000008006134                USBD_LL_DataOutStage
 .text.USBD_LL_DataInStage
                0x0000000008006216      0x14a Middlewares/ST/STM32_USB_Device_Library/Core/Src/usbd_core.o
                0x0000000008006216                USBD_LL_DataInStage
 .text.USBD_LL_Reset
                0x0000000008006360       0x82 Middlewares/ST/STM32_USB_Device_Library/Core/Src/usbd_core.o
                0x0000000008006360                USBD_LL_Reset
 .text.USBD_LL_SetSpeed
                0x00000000080063e2       0x20 Middlewares/ST/STM32_USB_Device_Library/Core/Src/usbd_core.o
                0x00000000080063e2                USBD_LL_SetSpeed
 .text.USBD_LL_Suspend
                0x0000000008006402       0x2a Middlewares/ST/STM32_USB_Device_Library/Core/Src/usbd_core.o
                0x0000000008006402                USBD_LL_Suspend
 .text.USBD_LL_Resume
                0x000000000800642c       0x22 Middlewares/ST/STM32_USB_Device_Library/Core/Src/usbd_core.o
                0x000000000800642c                USBD_LL_Resume
 .text.USBD_LL_SOF
                0x000000000800644e       0x34 Middlewares/ST/STM32_USB_Device_Library/Core/Src/usbd_core.o
                0x000000000800644e                USBD_LL_SOF
 .text.USBD_LL_IsoINIncomplete
                0x0000000008006482       0x1a Middlewares/ST/STM32_USB_Device_Library/Core/Src/usbd_core.o
                0x0000000008006482                USBD_LL_IsoINIncomplete
 .text.USBD_LL_IsoOUTIncomplete
                0x000000000800649c       0x1a Middlewares/ST/STM32_USB_Device_Library/Core/Src/usbd_core.o
                0x000000000800649c                USBD_LL_IsoOUTIncomplete
 .text.USBD_LL_DevConnected
                0x00000000080064b6       0x16 Middlewares/ST/STM32_USB_Device_Library/Core/Src/usbd_core.o
                0x00000000080064b6                USBD_LL_DevConnected
 .text.USBD_LL_DevDisconnected
                0x00000000080064cc       0x2e Middlewares/ST/STM32_USB_Device_Library/Core/Src/usbd_core.o
                0x00000000080064cc                USBD_LL_DevDisconnected
 *fill*         0x00000000080064fa        0x2 
 .text.USBD_StdDevReq
                0x00000000080064fc       0xd4 Middlewares/ST/STM32_USB_Device_Library/Core/Src/usbd_ctlreq.o
                0x00000000080064fc                USBD_StdDevReq
 .text.USBD_StdItfReq
                0x00000000080065d0       0x8c Middlewares/ST/STM32_USB_Device_Library/Core/Src/usbd_ctlreq.o
                0x00000000080065d0                USBD_StdItfReq
 .text.USBD_StdEPReq
                0x000000000800665c      0x2b6 Middlewares/ST/STM32_USB_Device_Library/Core/Src/usbd_ctlreq.o
                0x000000000800665c                USBD_StdEPReq
 *fill*         0x0000000008006912        0x2 
 .text.USBD_GetDescriptor
                0x0000000008006914      0x22c Middlewares/ST/STM32_USB_Device_Library/Core/Src/usbd_ctlreq.o
 .text.USBD_SetAddress
                0x0000000008006b40       0x84 Middlewares/ST/STM32_USB_Device_Library/Core/Src/usbd_ctlreq.o
 .text.USBD_SetConfig
                0x0000000008006bc4      0x11c Middlewares/ST/STM32_USB_Device_Library/Core/Src/usbd_ctlreq.o
 .text.USBD_GetConfig
                0x0000000008006ce0       0x68 Middlewares/ST/STM32_USB_Device_Library/Core/Src/usbd_ctlreq.o
 .text.USBD_GetStatus
                0x0000000008006d48       0x66 Middlewares/ST/STM32_USB_Device_Library/Core/Src/usbd_ctlreq.o
 .text.USBD_SetFeature
                0x0000000008006dae       0x28 Middlewares/ST/STM32_USB_Device_Library/Core/Src/usbd_ctlreq.o
 .text.USBD_ClrFeature
                0x0000000008006dd6       0x42 Middlewares/ST/STM32_USB_Device_Library/Core/Src/usbd_ctlreq.o
 .text.USBD_ParseSetupRequest
                0x0000000008006e18       0x7a Middlewares/ST/STM32_USB_Device_Library/Core/Src/usbd_ctlreq.o
                0x0000000008006e18                USBD_ParseSetupRequest
 .text.USBD_CtlError
                0x0000000008006e92       0x22 Middlewares/ST/STM32_USB_Device_Library/Core/Src/usbd_ctlreq.o
                0x0000000008006e92                USBD_CtlError
 .text.USBD_GetString
                0x0000000008006eb4       0x84 Middlewares/ST/STM32_USB_Device_Library/Core/Src/usbd_ctlreq.o
                0x0000000008006eb4                USBD_GetString
 .text.USBD_GetLen
                0x0000000008006f38       0x30 Middlewares/ST/STM32_USB_Device_Library/Core/Src/usbd_ctlreq.o
 .text.USBD_CtlSendData
                0x0000000008006f68       0x38 Middlewares/ST/STM32_USB_Device_Library/Core/Src/usbd_ioreq.o
                0x0000000008006f68                USBD_CtlSendData
 .text.USBD_CtlContinueSendData
                0x0000000008006fa0       0x24 Middlewares/ST/STM32_USB_Device_Library/Core/Src/usbd_ioreq.o
                0x0000000008006fa0                USBD_CtlContinueSendData
 .text.USBD_CtlPrepareRx
                0x0000000008006fc4       0x3c Middlewares/ST/STM32_USB_Device_Library/Core/Src/usbd_ioreq.o
                0x0000000008006fc4                USBD_CtlPrepareRx
 .text.USBD_CtlContinueRx
                0x0000000008007000       0x24 Middlewares/ST/STM32_USB_Device_Library/Core/Src/usbd_ioreq.o
                0x0000000008007000                USBD_CtlContinueRx
 .text.USBD_CtlSendStatus
                0x0000000008007024       0x26 Middlewares/ST/STM32_USB_Device_Library/Core/Src/usbd_ioreq.o
                0x0000000008007024                USBD_CtlSendStatus
 .text.USBD_CtlReceiveStatus
                0x000000000800704a       0x26 Middlewares/ST/STM32_USB_Device_Library/Core/Src/usbd_ioreq.o
                0x000000000800704a                USBD_CtlReceiveStatus
 .text.MX_CAN1_Init
                0x0000000008007070       0x68 Src/can.o
                0x0000000008007070                MX_CAN1_Init
 .text.HAL_CAN_MspInit
                0x00000000080070d8       0xd0 Src/can.o
                0x00000000080070d8                HAL_CAN_MspInit
 .text.MX_GPIO_Init
                0x00000000080071a8      0x178 Src/gpio.o
                0x00000000080071a8                MX_GPIO_Init
 .text.HAL_TIM_PeriodElapsedCallback
                0x0000000008007320       0x48 Src/interrupt_handler.o
                0x0000000008007320                HAL_TIM_PeriodElapsedCallback
 .text.HAL_UART_TxCpltCallback
                0x0000000008007368       0xb4 Src/interrupt_handler.o
                0x0000000008007368                HAL_UART_TxCpltCallback
 .text.HAL_UART_RxCpltCallback
                0x000000000800741c       0xb4 Src/interrupt_handler.o
                0x000000000800741c                HAL_UART_RxCpltCallback
 .text.main     0x00000000080074d0       0x54 Src/main.o
                0x00000000080074d0                main
 .text.SystemClock_Config
                0x0000000008007524      0x114 Src/main.o
                0x0000000008007524                SystemClock_Config
 .text.Error_Handler
                0x0000000008007638        0xe Src/main.o
                0x0000000008007638                Error_Handler
 *fill*         0x0000000008007646        0x2 
 .text.HAL_MspInit
                0x0000000008007648       0x5c Src/stm32f4xx_hal_msp.o
                0x0000000008007648                HAL_MspInit
 .text.NMI_Handler
                0x00000000080076a4        0xe Src/stm32f4xx_it.o
                0x00000000080076a4                NMI_Handler
 .text.HardFault_Handler
                0x00000000080076b2        0x6 Src/stm32f4xx_it.o
                0x00000000080076b2                HardFault_Handler
 .text.MemManage_Handler
                0x00000000080076b8        0x6 Src/stm32f4xx_it.o
                0x00000000080076b8                MemManage_Handler
 .text.BusFault_Handler
                0x00000000080076be        0x6 Src/stm32f4xx_it.o
                0x00000000080076be                BusFault_Handler
 .text.UsageFault_Handler
                0x00000000080076c4        0x6 Src/stm32f4xx_it.o
                0x00000000080076c4                UsageFault_Handler
 .text.SVC_Handler
                0x00000000080076ca        0xe Src/stm32f4xx_it.o
                0x00000000080076ca                SVC_Handler
 .text.DebugMon_Handler
                0x00000000080076d8        0xe Src/stm32f4xx_it.o
                0x00000000080076d8                DebugMon_Handler
 .text.PendSV_Handler
                0x00000000080076e6        0xe Src/stm32f4xx_it.o
                0x00000000080076e6                PendSV_Handler
 .text.SysTick_Handler
                0x00000000080076f4        0xc Src/stm32f4xx_it.o
                0x00000000080076f4                SysTick_Handler
 .text.RCC_IRQHandler
                0x0000000008007700        0xe Src/stm32f4xx_it.o
                0x0000000008007700                RCC_IRQHandler
 *fill*         0x000000000800770e        0x2 
 .text.CAN1_TX_IRQHandler
                0x0000000008007710       0x14 Src/stm32f4xx_it.o
                0x0000000008007710                CAN1_TX_IRQHandler
 .text.CAN1_RX0_IRQHandler
                0x0000000008007724       0x14 Src/stm32f4xx_it.o
                0x0000000008007724                CAN1_RX0_IRQHandler
 .text.CAN1_RX1_IRQHandler
                0x0000000008007738       0x14 Src/stm32f4xx_it.o
                0x0000000008007738                CAN1_RX1_IRQHandler
 .text.CAN1_SCE_IRQHandler
                0x000000000800774c       0x14 Src/stm32f4xx_it.o
                0x000000000800774c                CAN1_SCE_IRQHandler
 .text.USART1_IRQHandler
                0x0000000008007760       0x14 Src/stm32f4xx_it.o
                0x0000000008007760                USART1_IRQHandler
 .text.USART2_IRQHandler
                0x0000000008007774       0x14 Src/stm32f4xx_it.o
                0x0000000008007774                USART2_IRQHandler
 .text.USART3_IRQHandler
                0x0000000008007788       0x14 Src/stm32f4xx_it.o
                0x0000000008007788                USART3_IRQHandler
 .text.UART4_IRQHandler
                0x000000000800779c       0x14 Src/stm32f4xx_it.o
                0x000000000800779c                UART4_IRQHandler
 .text.TIM6_DAC_IRQHandler
                0x00000000080077b0       0x14 Src/stm32f4xx_it.o
                0x00000000080077b0                TIM6_DAC_IRQHandler
 .text.TIM7_IRQHandler
                0x00000000080077c4       0x14 Src/stm32f4xx_it.o
                0x00000000080077c4                TIM7_IRQHandler
 .text.OTG_FS_IRQHandler
                0x00000000080077d8       0x14 Src/stm32f4xx_it.o
                0x00000000080077d8                OTG_FS_IRQHandler
 .text.USART6_IRQHandler
                0x00000000080077ec       0x14 Src/stm32f4xx_it.o
                0x00000000080077ec                USART6_IRQHandler
 .text._sbrk    0x0000000008007800       0x58 Src/sysmem.o
                0x0000000008007800                _sbrk
 .text.SystemInit
                0x0000000008007858       0x6c Src/system_stm32f4xx.o
                0x0000000008007858                SystemInit
 .text.MX_TIM6_Init
                0x00000000080078c4       0x6c Src/tim.o
                0x00000000080078c4                MX_TIM6_Init
 .text.MX_TIM7_Init
                0x0000000008007930       0x6c Src/tim.o
                0x0000000008007930                MX_TIM7_Init
 .text.HAL_TIM_Base_MspInit
                0x000000000800799c       0x8c Src/tim.o
                0x000000000800799c                HAL_TIM_Base_MspInit
 .text.MX_UART4_Init
                0x0000000008007a28       0x54 Src/usart.o
                0x0000000008007a28                MX_UART4_Init
 .text.MX_USART1_UART_Init
                0x0000000008007a7c       0x54 Src/usart.o
                0x0000000008007a7c                MX_USART1_UART_Init
 .text.MX_USART2_UART_Init
                0x0000000008007ad0       0x54 Src/usart.o
                0x0000000008007ad0                MX_USART2_UART_Init
 .text.MX_USART3_UART_Init
                0x0000000008007b24       0x54 Src/usart.o
                0x0000000008007b24                MX_USART3_UART_Init
 .text.MX_USART6_UART_Init
                0x0000000008007b78       0x54 Src/usart.o
                0x0000000008007b78                MX_USART6_UART_Init
 .text.HAL_UART_MspInit
                0x0000000008007bcc      0x288 Src/usart.o
                0x0000000008007bcc                HAL_UART_MspInit
 .text.MX_USB_DEVICE_Init
                0x0000000008007e54       0x60 Src/usb_device.o
                0x0000000008007e54                MX_USB_DEVICE_Init
 .text.CDC_Init_FS
                0x0000000008007eb4       0x28 Src/usbd_cdc_if.o
 .text.CDC_DeInit_FS
                0x0000000008007edc       0x10 Src/usbd_cdc_if.o
 .text.CDC_Control_FS
                0x0000000008007eec       0xbc Src/usbd_cdc_if.o
 .text.CDC_Receive_FS
                0x0000000008007fa8       0x34 Src/usbd_cdc_if.o
 .text.HAL_PCD_MspInit
                0x0000000008007fdc       0xa8 Src/usbd_conf.o
                0x0000000008007fdc                HAL_PCD_MspInit
 .text.HAL_PCD_SetupStageCallback
                0x0000000008008084       0x24 Src/usbd_conf.o
                0x0000000008008084                HAL_PCD_SetupStageCallback
 .text.HAL_PCD_DataOutStageCallback
                0x00000000080080a8       0x36 Src/usbd_conf.o
                0x00000000080080a8                HAL_PCD_DataOutStageCallback
 .text.HAL_PCD_DataInStageCallback
                0x00000000080080de       0x34 Src/usbd_conf.o
                0x00000000080080de                HAL_PCD_DataInStageCallback
 .text.HAL_PCD_SOFCallback
                0x0000000008008112       0x1c Src/usbd_conf.o
                0x0000000008008112                HAL_PCD_SOFCallback
 .text.HAL_PCD_ResetCallback
                0x000000000800812e       0x50 Src/usbd_conf.o
                0x000000000800812e                HAL_PCD_ResetCallback
 *fill*         0x000000000800817e        0x2 
 .text.HAL_PCD_SuspendCallback
                0x0000000008008180       0x4c Src/usbd_conf.o
                0x0000000008008180                HAL_PCD_SuspendCallback
 .text.HAL_PCD_ResumeCallback
                0x00000000080081cc       0x1c Src/usbd_conf.o
                0x00000000080081cc                HAL_PCD_ResumeCallback
 .text.HAL_PCD_ISOOUTIncompleteCallback
                0x00000000080081e8       0x24 Src/usbd_conf.o
                0x00000000080081e8                HAL_PCD_ISOOUTIncompleteCallback
 .text.HAL_PCD_ISOINIncompleteCallback
                0x000000000800820c       0x24 Src/usbd_conf.o
                0x000000000800820c                HAL_PCD_ISOINIncompleteCallback
 .text.HAL_PCD_ConnectCallback
                0x0000000008008230       0x1c Src/usbd_conf.o
                0x0000000008008230                HAL_PCD_ConnectCallback
 .text.HAL_PCD_DisconnectCallback
                0x000000000800824c       0x1c Src/usbd_conf.o
                0x000000000800824c                HAL_PCD_DisconnectCallback
 .text.USBD_LL_Init
                0x0000000008008268       0x98 Src/usbd_conf.o
                0x0000000008008268                USBD_LL_Init
 .text.USBD_LL_Start
                0x0000000008008300       0x36 Src/usbd_conf.o
                0x0000000008008300                USBD_LL_Start
 .text.USBD_LL_OpenEP
                0x0000000008008336       0x4c Src/usbd_conf.o
                0x0000000008008336                USBD_LL_OpenEP
 .text.USBD_LL_CloseEP
                0x0000000008008382       0x3e Src/usbd_conf.o
                0x0000000008008382                USBD_LL_CloseEP
 .text.USBD_LL_StallEP
                0x00000000080083c0       0x3e Src/usbd_conf.o
                0x00000000080083c0                USBD_LL_StallEP
 .text.USBD_LL_ClearStallEP
                0x00000000080083fe       0x3e Src/usbd_conf.o
                0x00000000080083fe                USBD_LL_ClearStallEP
 .text.USBD_LL_IsStallEP
                0x000000000800843c       0x58 Src/usbd_conf.o
                0x000000000800843c                USBD_LL_IsStallEP
 .text.USBD_LL_SetUSBAddress
                0x0000000008008494       0x3e Src/usbd_conf.o
                0x0000000008008494                USBD_LL_SetUSBAddress
 .text.USBD_LL_Transmit
                0x00000000080084d2       0x46 Src/usbd_conf.o
                0x00000000080084d2                USBD_LL_Transmit
 .text.USBD_LL_PrepareReceive
                0x0000000008008518       0x46 Src/usbd_conf.o
                0x0000000008008518                USBD_LL_PrepareReceive
 .text.USBD_LL_GetRxDataSize
                0x000000000800855e       0x26 Src/usbd_conf.o
                0x000000000800855e                USBD_LL_GetRxDataSize
 .text.HAL_PCDEx_LPM_Callback
                0x0000000008008584       0x9c Src/usbd_conf.o
                0x0000000008008584                HAL_PCDEx_LPM_Callback
 .text.USBD_Get_USB_Status
                0x0000000008008620       0x58 Src/usbd_conf.o
                0x0000000008008620                USBD_Get_USB_Status
 .text.USBD_FS_DeviceDescriptor
                0x0000000008008678       0x24 Src/usbd_desc.o
                0x0000000008008678                USBD_FS_DeviceDescriptor
 .text.USBD_FS_LangIDStrDescriptor
                0x000000000800869c       0x24 Src/usbd_desc.o
                0x000000000800869c                USBD_FS_LangIDStrDescriptor
 .text.USBD_FS_ProductStrDescriptor
                0x00000000080086c0       0x3c Src/usbd_desc.o
                0x00000000080086c0                USBD_FS_ProductStrDescriptor
 .text.USBD_FS_ManufacturerStrDescriptor
                0x00000000080086fc       0x28 Src/usbd_desc.o
                0x00000000080086fc                USBD_FS_ManufacturerStrDescriptor
 .text.USBD_FS_SerialStrDescriptor
                0x0000000008008724       0x24 Src/usbd_desc.o
                0x0000000008008724                USBD_FS_SerialStrDescriptor
 .text.USBD_FS_ConfigStrDescriptor
                0x0000000008008748       0x3c Src/usbd_desc.o
                0x0000000008008748                USBD_FS_ConfigStrDescriptor
 .text.USBD_FS_InterfaceStrDescriptor
                0x0000000008008784       0x3c Src/usbd_desc.o
                0x0000000008008784                USBD_FS_InterfaceStrDescriptor
 .text.USBD_FS_USR_BOSDescriptor
                0x00000000080087c0       0x24 Src/usbd_desc.o
                0x00000000080087c0                USBD_FS_USR_BOSDescriptor
 .text.Get_SerialNum
                0x00000000080087e4       0x58 Src/usbd_desc.o
 .text.IntToUnicode
                0x000000000800883c       0x7c Src/usbd_desc.o
 .text.Reset_Handler
                0x00000000080088b8       0x50 Startup/startup_stm32f446retx.o
                0x00000000080088b8                Reset_Handler
 .text.Default_Handler
                0x0000000008008908        0x2 Startup/startup_stm32f446retx.o
                0x0000000008008908                RTC_Alarm_IRQHandler
                0x0000000008008908                EXTI2_IRQHandler
                0x0000000008008908                TIM8_CC_IRQHandler
                0x0000000008008908                FMPI2C1_EV_IRQHandler
                0x0000000008008908                SPI4_IRQHandler
                0x0000000008008908                TIM1_CC_IRQHandler
                0x0000000008008908                DMA2_Stream5_IRQHandler
                0x0000000008008908                DMA1_Stream5_IRQHandler
                0x0000000008008908                PVD_IRQHandler
                0x0000000008008908                SDIO_IRQHandler
                0x0000000008008908                TAMP_STAMP_IRQHandler
                0x0000000008008908                CAN2_RX1_IRQHandler
                0x0000000008008908                EXTI3_IRQHandler
                0x0000000008008908                TIM8_TRG_COM_TIM14_IRQHandler
                0x0000000008008908                TIM1_UP_TIM10_IRQHandler
                0x0000000008008908                TIM8_UP_TIM13_IRQHandler
                0x0000000008008908                I2C3_ER_IRQHandler
                0x0000000008008908                EXTI0_IRQHandler
                0x0000000008008908                I2C2_EV_IRQHandler
                0x0000000008008908                DMA1_Stream2_IRQHandler
                0x0000000008008908                FPU_IRQHandler
                0x0000000008008908                OTG_HS_WKUP_IRQHandler
                0x0000000008008908                CAN2_SCE_IRQHandler
                0x0000000008008908                DMA2_Stream2_IRQHandler
                0x0000000008008908                SPI1_IRQHandler
                0x0000000008008908                TIM1_BRK_TIM9_IRQHandler
                0x0000000008008908                DCMI_IRQHandler
                0x0000000008008908                CAN2_RX0_IRQHandler
                0x0000000008008908                DMA2_Stream3_IRQHandler
                0x0000000008008908                SAI2_IRQHandler
                0x0000000008008908                UART5_IRQHandler
                0x0000000008008908                DMA2_Stream0_IRQHandler
                0x0000000008008908                TIM4_IRQHandler
                0x0000000008008908                QUADSPI_IRQHandler
                0x0000000008008908                I2C1_EV_IRQHandler
                0x0000000008008908                DMA1_Stream6_IRQHandler
                0x0000000008008908                DMA1_Stream1_IRQHandler
                0x0000000008008908                TIM3_IRQHandler
                0x0000000008008908                TIM8_BRK_TIM12_IRQHandler
                0x0000000008008908                Default_Handler
                0x0000000008008908                CEC_IRQHandler
                0x0000000008008908                EXTI15_10_IRQHandler
                0x0000000008008908                ADC_IRQHandler
                0x0000000008008908                DMA1_Stream7_IRQHandler
                0x0000000008008908                CAN2_TX_IRQHandler
                0x0000000008008908                TIM5_IRQHandler
                0x0000000008008908                DMA2_Stream7_IRQHandler
                0x0000000008008908                I2C3_EV_IRQHandler
                0x0000000008008908                EXTI9_5_IRQHandler
                0x0000000008008908                RTC_WKUP_IRQHandler
                0x0000000008008908                SPDIF_RX_IRQHandler
                0x0000000008008908                SPI2_IRQHandler
                0x0000000008008908                OTG_HS_EP1_IN_IRQHandler
                0x0000000008008908                DMA1_Stream0_IRQHandler
                0x0000000008008908                FMPI2C1_ER_IRQHandler
                0x0000000008008908                EXTI4_IRQHandler
                0x0000000008008908                OTG_HS_EP1_OUT_IRQHandler
                0x0000000008008908                WWDG_IRQHandler
                0x0000000008008908                TIM2_IRQHandler
                0x0000000008008908                OTG_FS_WKUP_IRQHandler
                0x0000000008008908                TIM1_TRG_COM_TIM11_IRQHandler
                0x0000000008008908                OTG_HS_IRQHandler
                0x0000000008008908                EXTI1_IRQHandler
                0x0000000008008908                I2C2_ER_IRQHandler
                0x0000000008008908                DMA2_Stream1_IRQHandler
                0x0000000008008908                FLASH_IRQHandler
                0x0000000008008908                DMA2_Stream4_IRQHandler
                0x0000000008008908                SPI3_IRQHandler
                0x0000000008008908                DMA1_Stream4_IRQHandler
                0x0000000008008908                I2C1_ER_IRQHandler
                0x0000000008008908                FMC_IRQHandler
                0x0000000008008908                DMA2_Stream6_IRQHandler
                0x0000000008008908                SAI1_IRQHandler
                0x0000000008008908                DMA1_Stream3_IRQHandler
 *fill*         0x000000000800890a        0x2 
 .text.__errno  0x000000000800890c        0xc c:/st/stm32cubeide_1.0.1/stm32cubeide/plugins/com.st.stm32cube.ide.mcu.externaltools.gnu-tools-for-stm32.7-2018-q2-update.win32_1.0.0.201904181610/tools/bin/../lib/gcc/arm-none-eabi/7.3.1/../../../../arm-none-eabi/lib/thumb/v7e-m/fpv4-sp/hard\libc_nano.a(lib_a-errno.o)
                0x000000000800890c                __errno
 .text.__libc_init_array
                0x0000000008008918       0x48 c:/st/stm32cubeide_1.0.1/stm32cubeide/plugins/com.st.stm32cube.ide.mcu.externaltools.gnu-tools-for-stm32.7-2018-q2-update.win32_1.0.0.201904181610/tools/bin/../lib/gcc/arm-none-eabi/7.3.1/../../../../arm-none-eabi/lib/thumb/v7e-m/fpv4-sp/hard\libc_nano.a(lib_a-init.o)
                0x0000000008008918                __libc_init_array
 .text.malloc   0x0000000008008960       0x10 c:/st/stm32cubeide_1.0.1/stm32cubeide/plugins/com.st.stm32cube.ide.mcu.externaltools.gnu-tools-for-stm32.7-2018-q2-update.win32_1.0.0.201904181610/tools/bin/../lib/gcc/arm-none-eabi/7.3.1/../../../../arm-none-eabi/lib/thumb/v7e-m/fpv4-sp/hard\libc_nano.a(lib_a-malloc.o)
                0x0000000008008960                malloc
 .text.free     0x0000000008008970       0x10 c:/st/stm32cubeide_1.0.1/stm32cubeide/plugins/com.st.stm32cube.ide.mcu.externaltools.gnu-tools-for-stm32.7-2018-q2-update.win32_1.0.0.201904181610/tools/bin/../lib/gcc/arm-none-eabi/7.3.1/../../../../arm-none-eabi/lib/thumb/v7e-m/fpv4-sp/hard\libc_nano.a(lib_a-malloc.o)
                0x0000000008008970                free
 .text.memset   0x0000000008008980       0x10 c:/st/stm32cubeide_1.0.1/stm32cubeide/plugins/com.st.stm32cube.ide.mcu.externaltools.gnu-tools-for-stm32.7-2018-q2-update.win32_1.0.0.201904181610/tools/bin/../lib/gcc/arm-none-eabi/7.3.1/../../../../arm-none-eabi/lib/thumb/v7e-m/fpv4-sp/hard\libc_nano.a(lib_a-memset.o)
                0x0000000008008980                memset
 .text._free_r  0x0000000008008990       0x9c c:/st/stm32cubeide_1.0.1/stm32cubeide/plugins/com.st.stm32cube.ide.mcu.externaltools.gnu-tools-for-stm32.7-2018-q2-update.win32_1.0.0.201904181610/tools/bin/../lib/gcc/arm-none-eabi/7.3.1/../../../../arm-none-eabi/lib/thumb/v7e-m/fpv4-sp/hard\libc_nano.a(lib_a-nano-freer.o)
                0x0000000008008990                _free_r
 .text._malloc_r
                0x0000000008008a2c       0xb4 c:/st/stm32cubeide_1.0.1/stm32cubeide/plugins/com.st.stm32cube.ide.mcu.externaltools.gnu-tools-for-stm32.7-2018-q2-update.win32_1.0.0.201904181610/tools/bin/../lib/gcc/arm-none-eabi/7.3.1/../../../../arm-none-eabi/lib/thumb/v7e-m/fpv4-sp/hard\libc_nano.a(lib_a-nano-mallocr.o)
                0x0000000008008a2c                _malloc_r
 .text._sbrk_r  0x0000000008008ae0       0x20 c:/st/stm32cubeide_1.0.1/stm32cubeide/plugins/com.st.stm32cube.ide.mcu.externaltools.gnu-tools-for-stm32.7-2018-q2-update.win32_1.0.0.201904181610/tools/bin/../lib/gcc/arm-none-eabi/7.3.1/../../../../arm-none-eabi/lib/thumb/v7e-m/fpv4-sp/hard\libc_nano.a(lib_a-sbrkr.o)
                0x0000000008008ae0                _sbrk_r
 .text.__malloc_lock
                0x0000000008008b00        0x2 c:/st/stm32cubeide_1.0.1/stm32cubeide/plugins/com.st.stm32cube.ide.mcu.externaltools.gnu-tools-for-stm32.7-2018-q2-update.win32_1.0.0.201904181610/tools/bin/../lib/gcc/arm-none-eabi/7.3.1/../../../../arm-none-eabi/lib/thumb/v7e-m/fpv4-sp/hard\libc_nano.a(lib_a-mlock.o)
                0x0000000008008b00                __malloc_lock
 .text.__malloc_unlock
                0x0000000008008b02        0x2 c:/st/stm32cubeide_1.0.1/stm32cubeide/plugins/com.st.stm32cube.ide.mcu.externaltools.gnu-tools-for-stm32.7-2018-q2-update.win32_1.0.0.201904181610/tools/bin/../lib/gcc/arm-none-eabi/7.3.1/../../../../arm-none-eabi/lib/thumb/v7e-m/fpv4-sp/hard\libc_nano.a(lib_a-mlock.o)
                0x0000000008008b02                __malloc_unlock
 *(.glue_7)
 .glue_7        0x0000000008008b04        0x0 linker stubs
 *(.glue_7t)
 .glue_7t       0x0000000008008b04        0x0 linker stubs
 *(.eh_frame)
 .eh_frame      0x0000000008008b04        0x0 c:/st/stm32cubeide_1.0.1/stm32cubeide/plugins/com.st.stm32cube.ide.mcu.externaltools.gnu-tools-for-stm32.7-2018-q2-update.win32_1.0.0.201904181610/tools/bin/../lib/gcc/arm-none-eabi/7.3.1/thumb/v7e-m/fpv4-sp/hard/crtbegin.o
 *(.init)
 .init          0x0000000008008b04        0x4 c:/st/stm32cubeide_1.0.1/stm32cubeide/plugins/com.st.stm32cube.ide.mcu.externaltools.gnu-tools-for-stm32.7-2018-q2-update.win32_1.0.0.201904181610/tools/bin/../lib/gcc/arm-none-eabi/7.3.1/thumb/v7e-m/fpv4-sp/hard/crti.o
                0x0000000008008b04                _init
 .init          0x0000000008008b08        0x8 c:/st/stm32cubeide_1.0.1/stm32cubeide/plugins/com.st.stm32cube.ide.mcu.externaltools.gnu-tools-for-stm32.7-2018-q2-update.win32_1.0.0.201904181610/tools/bin/../lib/gcc/arm-none-eabi/7.3.1/thumb/v7e-m/fpv4-sp/hard/crtn.o
 *(.fini)
 .fini          0x0000000008008b10        0x4 c:/st/stm32cubeide_1.0.1/stm32cubeide/plugins/com.st.stm32cube.ide.mcu.externaltools.gnu-tools-for-stm32.7-2018-q2-update.win32_1.0.0.201904181610/tools/bin/../lib/gcc/arm-none-eabi/7.3.1/thumb/v7e-m/fpv4-sp/hard/crti.o
                0x0000000008008b10                _fini
 .fini          0x0000000008008b14        0x8 c:/st/stm32cubeide_1.0.1/stm32cubeide/plugins/com.st.stm32cube.ide.mcu.externaltools.gnu-tools-for-stm32.7-2018-q2-update.win32_1.0.0.201904181610/tools/bin/../lib/gcc/arm-none-eabi/7.3.1/thumb/v7e-m/fpv4-sp/hard/crtn.o
                0x0000000008008b1c                . = ALIGN (0x4)
                0x0000000008008b1c                _etext = .

.vfp11_veneer   0x0000000008008b1c        0x0
 .vfp11_veneer  0x0000000008008b1c        0x0 linker stubs

.v4_bx          0x0000000008008b1c        0x0
 .v4_bx         0x0000000008008b1c        0x0 linker stubs

.iplt           0x0000000008008b1c        0x0
 .iplt          0x0000000008008b1c        0x0 c:/st/stm32cubeide_1.0.1/stm32cubeide/plugins/com.st.stm32cube.ide.mcu.externaltools.gnu-tools-for-stm32.7-2018-q2-update.win32_1.0.0.201904181610/tools/bin/../lib/gcc/arm-none-eabi/7.3.1/thumb/v7e-m/fpv4-sp/hard/crtbegin.o

.rodata         0x0000000008008b1c       0x60
                0x0000000008008b1c                . = ALIGN (0x4)
 *(.rodata)
 .rodata        0x0000000008008b1c       0x46 Src/usbd_desc.o
 *(.rodata*)
 *fill*         0x0000000008008b62        0x2 
 .rodata.AHBPrescTable
                0x0000000008008b64       0x10 Src/system_stm32f4xx.o
                0x0000000008008b64                AHBPrescTable
 .rodata.APBPrescTable
                0x0000000008008b74        0x8 Src/system_stm32f4xx.o
                0x0000000008008b74                APBPrescTable
                0x0000000008008b7c                . = ALIGN (0x4)

.ARM.extab      0x0000000008008b7c        0x0
                0x0000000008008b7c                . = ALIGN (0x4)
 *(.ARM.extab* .gnu.linkonce.armextab.*)
                0x0000000008008b7c                . = ALIGN (0x4)

.ARM            0x0000000008008b7c        0x8
                0x0000000008008b7c                . = ALIGN (0x4)
                0x0000000008008b7c                __exidx_start = .
 *(.ARM.exidx*)
 .ARM.exidx     0x0000000008008b7c        0x8 c:/st/stm32cubeide_1.0.1/stm32cubeide/plugins/com.st.stm32cube.ide.mcu.externaltools.gnu-tools-for-stm32.7-2018-q2-update.win32_1.0.0.201904181610/tools/bin/../lib/gcc/arm-none-eabi/7.3.1/thumb/v7e-m/fpv4-sp/hard\libgcc.a(_udivmoddi4.o)
                0x0000000008008b84                __exidx_end = .
                0x0000000008008b84                . = ALIGN (0x4)

.rel.dyn        0x0000000008008b84        0x0
 .rel.iplt      0x0000000008008b84        0x0 c:/st/stm32cubeide_1.0.1/stm32cubeide/plugins/com.st.stm32cube.ide.mcu.externaltools.gnu-tools-for-stm32.7-2018-q2-update.win32_1.0.0.201904181610/tools/bin/../lib/gcc/arm-none-eabi/7.3.1/thumb/v7e-m/fpv4-sp/hard/crtbegin.o

.preinit_array  0x0000000008008b84        0x0
                0x0000000008008b84                . = ALIGN (0x4)
                0x0000000008008b84                PROVIDE (__preinit_array_start = .)
 *(.preinit_array*)
                0x0000000008008b84                PROVIDE (__preinit_array_end = .)
                0x0000000008008b84                . = ALIGN (0x4)

.init_array     0x0000000008008b84        0x4
                0x0000000008008b84                . = ALIGN (0x4)
                0x0000000008008b84                PROVIDE (__init_array_start = .)
 *(SORT_BY_NAME(.init_array.*))
 *(.init_array*)
 .init_array    0x0000000008008b84        0x4 c:/st/stm32cubeide_1.0.1/stm32cubeide/plugins/com.st.stm32cube.ide.mcu.externaltools.gnu-tools-for-stm32.7-2018-q2-update.win32_1.0.0.201904181610/tools/bin/../lib/gcc/arm-none-eabi/7.3.1/thumb/v7e-m/fpv4-sp/hard/crtbegin.o
                0x0000000008008b88                PROVIDE (__init_array_end = .)
                0x0000000008008b88                . = ALIGN (0x4)

.fini_array     0x0000000008008b88        0x4
                0x0000000008008b88                . = ALIGN (0x4)
                [!provide]                        PROVIDE (__fini_array_start = .)
 *(SORT_BY_NAME(.fini_array.*))
 *(.fini_array*)
 .fini_array    0x0000000008008b88        0x4 c:/st/stm32cubeide_1.0.1/stm32cubeide/plugins/com.st.stm32cube.ide.mcu.externaltools.gnu-tools-for-stm32.7-2018-q2-update.win32_1.0.0.201904181610/tools/bin/../lib/gcc/arm-none-eabi/7.3.1/thumb/v7e-m/fpv4-sp/hard/crtbegin.o
                [!provide]                        PROVIDE (__fini_array_end = .)
                0x0000000008008b8c                . = ALIGN (0x4)
                0x0000000008008b8c                _sidata = LOADADDR (.data)

.data           0x0000000020000000      0x1f0 load address 0x0000000008008b8c
                0x0000000020000000                . = ALIGN (0x4)
                0x0000000020000000                _sdata = .
 *(.data)
 *(.data*)
 .data.uwTickPrio
                0x0000000020000000        0x4 Drivers/STM32F4xx_HAL_Driver/Src/stm32f4xx_hal.o
                0x0000000020000000                uwTickPrio
 .data.uwTickFreq
                0x0000000020000004        0x1 Drivers/STM32F4xx_HAL_Driver/Src/stm32f4xx_hal.o
                0x0000000020000004                uwTickFreq
 *fill*         0x0000000020000005        0x3 
 .data.USBD_CDC_DeviceQualifierDesc
                0x0000000020000008        0xa Middlewares/ST/STM32_USB_Device_Library/Class/CDC/Src/usbd_cdc.o
 *fill*         0x0000000020000012        0x2 
 .data.USBD_CDC
                0x0000000020000014       0x38 Middlewares/ST/STM32_USB_Device_Library/Class/CDC/Src/usbd_cdc.o
                0x0000000020000014                USBD_CDC
 .data.USBD_CDC_CfgHSDesc
                0x000000002000004c       0x43 Middlewares/ST/STM32_USB_Device_Library/Class/CDC/Src/usbd_cdc.o
                0x000000002000004c                USBD_CDC_CfgHSDesc
 *fill*         0x000000002000008f        0x1 
 .data.USBD_CDC_CfgFSDesc
                0x0000000020000090       0x43 Middlewares/ST/STM32_USB_Device_Library/Class/CDC/Src/usbd_cdc.o
                0x0000000020000090                USBD_CDC_CfgFSDesc
 *fill*         0x00000000200000d3        0x1 
 .data.USBD_CDC_OtherSpeedCfgDesc
                0x00000000200000d4       0x43 Middlewares/ST/STM32_USB_Device_Library/Class/CDC/Src/usbd_cdc.o
                0x00000000200000d4                USBD_CDC_OtherSpeedCfgDesc
 *fill*         0x0000000020000117        0x1 
 .data.SystemCoreClock
                0x0000000020000118        0x4 Src/system_stm32f4xx.o
                0x0000000020000118                SystemCoreClock
 .data.USBD_Interface_fops_FS
                0x000000002000011c       0x10 Src/usbd_cdc_if.o
                0x000000002000011c                USBD_Interface_fops_FS
 .data.FS_Desc  0x000000002000012c       0x20 Src/usbd_desc.o
                0x000000002000012c                FS_Desc
 .data.USBD_FS_DeviceDesc
                0x000000002000014c       0x12 Src/usbd_desc.o
                0x000000002000014c                USBD_FS_DeviceDesc
 *fill*         0x000000002000015e        0x2 
 .data.USBD_FS_BOSDesc
                0x0000000020000160        0xc Src/usbd_desc.o
                0x0000000020000160                USBD_FS_BOSDesc
 .data.USBD_LangIDDesc
                0x000000002000016c        0x4 Src/usbd_desc.o
                0x000000002000016c                USBD_LangIDDesc
 .data.USBD_StringSerial
                0x0000000020000170       0x1a Src/usbd_desc.o
                0x0000000020000170                USBD_StringSerial
 *fill*         0x000000002000018a        0x2 
 .data._impure_ptr
                0x000000002000018c        0x4 c:/st/stm32cubeide_1.0.1/stm32cubeide/plugins/com.st.stm32cube.ide.mcu.externaltools.gnu-tools-for-stm32.7-2018-q2-update.win32_1.0.0.201904181610/tools/bin/../lib/gcc/arm-none-eabi/7.3.1/../../../../arm-none-eabi/lib/thumb/v7e-m/fpv4-sp/hard\libc_nano.a(lib_a-impure.o)
                0x000000002000018c                _impure_ptr
 .data.impure_data
                0x0000000020000190       0x60 c:/st/stm32cubeide_1.0.1/stm32cubeide/plugins/com.st.stm32cube.ide.mcu.externaltools.gnu-tools-for-stm32.7-2018-q2-update.win32_1.0.0.201904181610/tools/bin/../lib/gcc/arm-none-eabi/7.3.1/../../../../arm-none-eabi/lib/thumb/v7e-m/fpv4-sp/hard\libc_nano.a(lib_a-impure.o)
                0x00000000200001f0                . = ALIGN (0x4)
                0x00000000200001f0                _edata = .

.igot.plt       0x00000000200001f0        0x0 load address 0x0000000008008d7c
 .igot.plt      0x00000000200001f0        0x0 c:/st/stm32cubeide_1.0.1/stm32cubeide/plugins/com.st.stm32cube.ide.mcu.externaltools.gnu-tools-for-stm32.7-2018-q2-update.win32_1.0.0.201904181610/tools/bin/../lib/gcc/arm-none-eabi/7.3.1/thumb/v7e-m/fpv4-sp/hard/crtbegin.o
                0x00000000200001f0                . = ALIGN (0x4)

.bss            0x00000000200001f0     0x1b08 load address 0x0000000008008d7c
                0x00000000200001f0                _sbss = .
                0x00000000200001f0                __bss_start__ = _sbss
 *(.bss)
 .bss           0x00000000200001f0       0x1c c:/st/stm32cubeide_1.0.1/stm32cubeide/plugins/com.st.stm32cube.ide.mcu.externaltools.gnu-tools-for-stm32.7-2018-q2-update.win32_1.0.0.201904181610/tools/bin/../lib/gcc/arm-none-eabi/7.3.1/thumb/v7e-m/fpv4-sp/hard/crtbegin.o
 *(.bss*)
 .bss.cfgidx.10536
                0x000000002000020c        0x1 Middlewares/ST/STM32_USB_Device_Library/Core/Src/usbd_ctlreq.o
 *fill*         0x000000002000020d        0x3 
 .bss.heap_end.6424
                0x0000000020000210        0x4 Src/sysmem.o
 .bss.__malloc_free_list
                0x0000000020000214        0x4 c:/st/stm32cubeide_1.0.1/stm32cubeide/plugins/com.st.stm32cube.ide.mcu.externaltools.gnu-tools-for-stm32.7-2018-q2-update.win32_1.0.0.201904181610/tools/bin/../lib/gcc/arm-none-eabi/7.3.1/../../../../arm-none-eabi/lib/thumb/v7e-m/fpv4-sp/hard\libc_nano.a(lib_a-nano-mallocr.o)
                0x0000000020000214                __malloc_free_list
 .bss.__malloc_sbrk_start
                0x0000000020000218        0x4 c:/st/stm32cubeide_1.0.1/stm32cubeide/plugins/com.st.stm32cube.ide.mcu.externaltools.gnu-tools-for-stm32.7-2018-q2-update.win32_1.0.0.201904181610/tools/bin/../lib/gcc/arm-none-eabi/7.3.1/../../../../arm-none-eabi/lib/thumb/v7e-m/fpv4-sp/hard\libc_nano.a(lib_a-nano-mallocr.o)
                0x0000000020000218                __malloc_sbrk_start
 *(COMMON)
 COMMON         0x000000002000021c        0x4 Drivers/STM32F4xx_HAL_Driver/Src/stm32f4xx_hal.o
                0x000000002000021c                uwTick
 COMMON         0x0000000020000220       0x28 Src/can.o
                0x0000000020000220                hcan1
 COMMON         0x0000000020000248       0x48 Src/interrupt_handler.o
                0x0000000020000248                g_counters
 COMMON         0x0000000020000290       0x80 Src/tim.o
                0x0000000020000290                htim6
                0x00000000200002d0                htim7
 COMMON         0x0000000020000310      0x140 Src/usart.o
                0x0000000020000310                huart3
                0x0000000020000350                huart1
                0x0000000020000390                huart6
                0x00000000200003d0                huart4
                0x0000000020000410                huart2
 COMMON         0x0000000020000450      0x29c Src/usb_device.o
                0x0000000020000450                hUsbDeviceFS
 COMMON         0x00000000200006ec     0x1000 Src/usbd_cdc_if.o
                0x00000000200006ec                UserRxBufferFS
                0x0000000020000eec                UserTxBufferFS
 COMMON         0x00000000200016ec      0x408 Src/usbd_conf.o
                0x00000000200016ec                hpcd_USB_OTG_FS
 COMMON         0x0000000020001af4      0x200 Src/usbd_desc.o
                0x0000000020001af4                USBD_StrDesc
 COMMON         0x0000000020001cf4        0x4 c:/st/stm32cubeide_1.0.1/stm32cubeide/plugins/com.st.stm32cube.ide.mcu.externaltools.gnu-tools-for-stm32.7-2018-q2-update.win32_1.0.0.201904181610/tools/bin/../lib/gcc/arm-none-eabi/7.3.1/../../../../arm-none-eabi/lib/thumb/v7e-m/fpv4-sp/hard\libc_nano.a(lib_a-reent.o)
                0x0000000020001cf4                errno
                0x0000000020001cf8                . = ALIGN (0x4)
                0x0000000020001cf8                _ebss = .
                0x0000000020001cf8                __bss_end__ = _ebss

._user_heap_stack
                0x0000000020001cf8      0x600 load address 0x0000000008008d7c
                0x0000000020001cf8                . = ALIGN (0x8)
                0x0000000020001cf8                PROVIDE (end = .)
                [!provide]                        PROVIDE (_end = .)
                0x0000000020001ef8                . = (. + _Min_Heap_Size)
 *fill*         0x0000000020001cf8      0x200 
                0x00000000200022f8                . = (. + _Min_Stack_Size)
 *fill*         0x0000000020001ef8      0x400 
                0x00000000200022f8                . = ALIGN (0x8)

/DISCARD/
 libc.a(*)
 libm.a(*)
 libgcc.a(*)

.ARM.attributes
                0x0000000000000000       0x30
 *(.ARM.attributes)
 .ARM.attributes
                0x0000000000000000       0x22 c:/st/stm32cubeide_1.0.1/stm32cubeide/plugins/com.st.stm32cube.ide.mcu.externaltools.gnu-tools-for-stm32.7-2018-q2-update.win32_1.0.0.201904181610/tools/bin/../lib/gcc/arm-none-eabi/7.3.1/thumb/v7e-m/fpv4-sp/hard/crti.o
 .ARM.attributes
                0x0000000000000022       0x34 c:/st/stm32cubeide_1.0.1/stm32cubeide/plugins/com.st.stm32cube.ide.mcu.externaltools.gnu-tools-for-stm32.7-2018-q2-update.win32_1.0.0.201904181610/tools/bin/../lib/gcc/arm-none-eabi/7.3.1/thumb/v7e-m/fpv4-sp/hard/crtbegin.o
 .ARM.attributes
                0x0000000000000056       0x39 Drivers/STM32F4xx_HAL_Driver/Src/stm32f4xx_hal.o
 .ARM.attributes
                0x000000000000008f       0x39 Drivers/STM32F4xx_HAL_Driver/Src/stm32f4xx_hal_can.o
 .ARM.attributes
                0x00000000000000c8       0x39 Drivers/STM32F4xx_HAL_Driver/Src/stm32f4xx_hal_cortex.o
 .ARM.attributes
                0x0000000000000101       0x39 Drivers/STM32F4xx_HAL_Driver/Src/stm32f4xx_hal_dma.o
 .ARM.attributes
                0x000000000000013a       0x39 Drivers/STM32F4xx_HAL_Driver/Src/stm32f4xx_hal_gpio.o
 .ARM.attributes
                0x0000000000000173       0x39 Drivers/STM32F4xx_HAL_Driver/Src/stm32f4xx_hal_pcd.o
 .ARM.attributes
                0x00000000000001ac       0x39 Drivers/STM32F4xx_HAL_Driver/Src/stm32f4xx_hal_pcd_ex.o
 .ARM.attributes
                0x00000000000001e5       0x39 Drivers/STM32F4xx_HAL_Driver/Src/stm32f4xx_hal_rcc.o
 .ARM.attributes
                0x000000000000021e       0x39 Drivers/STM32F4xx_HAL_Driver/Src/stm32f4xx_hal_rcc_ex.o
 .ARM.attributes
                0x0000000000000257       0x39 Drivers/STM32F4xx_HAL_Driver/Src/stm32f4xx_hal_tim.o
 .ARM.attributes
                0x0000000000000290       0x39 Drivers/STM32F4xx_HAL_Driver/Src/stm32f4xx_hal_tim_ex.o
 .ARM.attributes
                0x00000000000002c9       0x39 Drivers/STM32F4xx_HAL_Driver/Src/stm32f4xx_hal_uart.o
 .ARM.attributes
                0x0000000000000302       0x39 Drivers/STM32F4xx_HAL_Driver/Src/stm32f4xx_ll_usb.o
 .ARM.attributes
                0x000000000000033b       0x39 Middlewares/ST/STM32_USB_Device_Library/Class/CDC/Src/usbd_cdc.o
 .ARM.attributes
                0x0000000000000374       0x39 Middlewares/ST/STM32_USB_Device_Library/Core/Src/usbd_core.o
 .ARM.attributes
                0x00000000000003ad       0x39 Middlewares/ST/STM32_USB_Device_Library/Core/Src/usbd_ctlreq.o
 .ARM.attributes
                0x00000000000003e6       0x39 Middlewares/ST/STM32_USB_Device_Library/Core/Src/usbd_ioreq.o
 .ARM.attributes
                0x000000000000041f       0x39 Src/can.o
 .ARM.attributes
                0x0000000000000458       0x39 Src/gpio.o
 .ARM.attributes
                0x0000000000000491       0x39 Src/interrupt_handler.o
 .ARM.attributes
                0x00000000000004ca       0x39 Src/main.o
 .ARM.attributes
                0x0000000000000503       0x39 Src/stm32f4xx_hal_msp.o
 .ARM.attributes
                0x000000000000053c       0x39 Src/stm32f4xx_it.o
 .ARM.attributes
                0x0000000000000575       0x39 Src/sysmem.o
 .ARM.attributes
                0x00000000000005ae       0x39 Src/system_stm32f4xx.o
 .ARM.attributes
                0x00000000000005e7       0x39 Src/tim.o
 .ARM.attributes
                0x0000000000000620       0x39 Src/usart.o
 .ARM.attributes
                0x0000000000000659       0x39 Src/usb_device.o
 .ARM.attributes
                0x0000000000000692       0x39 Src/usbd_cdc_if.o
 .ARM.attributes
                0x00000000000006cb       0x39 Src/usbd_conf.o
 .ARM.attributes
                0x0000000000000704       0x39 Src/usbd_desc.o
 .ARM.attributes
                0x000000000000073d       0x21 Startup/startup_stm32f446retx.o
 .ARM.attributes
                0x000000000000075e       0x34 c:/st/stm32cubeide_1.0.1/stm32cubeide/plugins/com.st.stm32cube.ide.mcu.externaltools.gnu-tools-for-stm32.7-2018-q2-update.win32_1.0.0.201904181610/tools/bin/../lib/gcc/arm-none-eabi/7.3.1/../../../../arm-none-eabi/lib/thumb/v7e-m/fpv4-sp/hard\libc_nano.a(lib_a-errno.o)
 .ARM.attributes
                0x0000000000000792       0x34 c:/st/stm32cubeide_1.0.1/stm32cubeide/plugins/com.st.stm32cube.ide.mcu.externaltools.gnu-tools-for-stm32.7-2018-q2-update.win32_1.0.0.201904181610/tools/bin/../lib/gcc/arm-none-eabi/7.3.1/../../../../arm-none-eabi/lib/thumb/v7e-m/fpv4-sp/hard\libc_nano.a(lib_a-impure.o)
 .ARM.attributes
                0x00000000000007c6       0x34 c:/st/stm32cubeide_1.0.1/stm32cubeide/plugins/com.st.stm32cube.ide.mcu.externaltools.gnu-tools-for-stm32.7-2018-q2-update.win32_1.0.0.201904181610/tools/bin/../lib/gcc/arm-none-eabi/7.3.1/../../../../arm-none-eabi/lib/thumb/v7e-m/fpv4-sp/hard\libc_nano.a(lib_a-init.o)
 .ARM.attributes
                0x00000000000007fa       0x34 c:/st/stm32cubeide_1.0.1/stm32cubeide/plugins/com.st.stm32cube.ide.mcu.externaltools.gnu-tools-for-stm32.7-2018-q2-update.win32_1.0.0.201904181610/tools/bin/../lib/gcc/arm-none-eabi/7.3.1/../../../../arm-none-eabi/lib/thumb/v7e-m/fpv4-sp/hard\libc_nano.a(lib_a-malloc.o)
 .ARM.attributes
                0x000000000000082e       0x34 c:/st/stm32cubeide_1.0.1/stm32cubeide/plugins/com.st.stm32cube.ide.mcu.externaltools.gnu-tools-for-stm32.7-2018-q2-update.win32_1.0.0.201904181610/tools/bin/../lib/gcc/arm-none-eabi/7.3.1/../../../../arm-none-eabi/lib/thumb/v7e-m/fpv4-sp/hard\libc_nano.a(lib_a-memset.o)
 .ARM.attributes
                0x0000000000000862       0x34 c:/st/stm32cubeide_1.0.1/stm32cubeide/plugins/com.st.stm32cube.ide.mcu.externaltools.gnu-tools-for-stm32.7-2018-q2-update.win32_1.0.0.201904181610/tools/bin/../lib/gcc/arm-none-eabi/7.3.1/../../../../arm-none-eabi/lib/thumb/v7e-m/fpv4-sp/hard\libc_nano.a(lib_a-nano-freer.o)
 .ARM.attributes
                0x0000000000000896       0x34 c:/st/stm32cubeide_1.0.1/stm32cubeide/plugins/com.st.stm32cube.ide.mcu.externaltools.gnu-tools-for-stm32.7-2018-q2-update.win32_1.0.0.201904181610/tools/bin/../lib/gcc/arm-none-eabi/7.3.1/../../../../arm-none-eabi/lib/thumb/v7e-m/fpv4-sp/hard\libc_nano.a(lib_a-nano-mallocr.o)
 .ARM.attributes
                0x00000000000008ca       0x34 c:/st/stm32cubeide_1.0.1/stm32cubeide/plugins/com.st.stm32cube.ide.mcu.externaltools.gnu-tools-for-stm32.7-2018-q2-update.win32_1.0.0.201904181610/tools/bin/../lib/gcc/arm-none-eabi/7.3.1/../../../../arm-none-eabi/lib/thumb/v7e-m/fpv4-sp/hard\libc_nano.a(lib_a-sbrkr.o)
 .ARM.attributes
                0x00000000000008fe       0x34 c:/st/stm32cubeide_1.0.1/stm32cubeide/plugins/com.st.stm32cube.ide.mcu.externaltools.gnu-tools-for-stm32.7-2018-q2-update.win32_1.0.0.201904181610/tools/bin/../lib/gcc/arm-none-eabi/7.3.1/../../../../arm-none-eabi/lib/thumb/v7e-m/fpv4-sp/hard\libc_nano.a(lib_a-mlock.o)
 .ARM.attributes
                0x0000000000000932       0x34 c:/st/stm32cubeide_1.0.1/stm32cubeide/plugins/com.st.stm32cube.ide.mcu.externaltools.gnu-tools-for-stm32.7-2018-q2-update.win32_1.0.0.201904181610/tools/bin/../lib/gcc/arm-none-eabi/7.3.1/../../../../arm-none-eabi/lib/thumb/v7e-m/fpv4-sp/hard\libc_nano.a(lib_a-reent.o)
 .ARM.attributes
                0x0000000000000966       0x22 c:/st/stm32cubeide_1.0.1/stm32cubeide/plugins/com.st.stm32cube.ide.mcu.externaltools.gnu-tools-for-stm32.7-2018-q2-update.win32_1.0.0.201904181610/tools/bin/../lib/gcc/arm-none-eabi/7.3.1/thumb/v7e-m/fpv4-sp/hard\libgcc.a(_aeabi_uldivmod.o)
 .ARM.attributes
                0x0000000000000988       0x34 c:/st/stm32cubeide_1.0.1/stm32cubeide/plugins/com.st.stm32cube.ide.mcu.externaltools.gnu-tools-for-stm32.7-2018-q2-update.win32_1.0.0.201904181610/tools/bin/../lib/gcc/arm-none-eabi/7.3.1/thumb/v7e-m/fpv4-sp/hard\libgcc.a(_udivmoddi4.o)
 .ARM.attributes
                0x00000000000009bc       0x22 c:/st/stm32cubeide_1.0.1/stm32cubeide/plugins/com.st.stm32cube.ide.mcu.externaltools.gnu-tools-for-stm32.7-2018-q2-update.win32_1.0.0.201904181610/tools/bin/../lib/gcc/arm-none-eabi/7.3.1/thumb/v7e-m/fpv4-sp/hard\libgcc.a(_dvmd_tls.o)
 .ARM.attributes
                0x00000000000009de       0x22 c:/st/stm32cubeide_1.0.1/stm32cubeide/plugins/com.st.stm32cube.ide.mcu.externaltools.gnu-tools-for-stm32.7-2018-q2-update.win32_1.0.0.201904181610/tools/bin/../lib/gcc/arm-none-eabi/7.3.1/thumb/v7e-m/fpv4-sp/hard/crtn.o
OUTPUT(AuCAR_master.elf elf32-littlearm)

.debug_info     0x0000000000000000    0x1cde6
 .debug_info    0x0000000000000000      0x973 Drivers/STM32F4xx_HAL_Driver/Src/stm32f4xx_hal.o
 .debug_info    0x0000000000000973      0xf61 Drivers/STM32F4xx_HAL_Driver/Src/stm32f4xx_hal_can.o
 .debug_info    0x00000000000018d4      0xdf4 Drivers/STM32F4xx_HAL_Driver/Src/stm32f4xx_hal_cortex.o
 .debug_info    0x00000000000026c8      0x916 Drivers/STM32F4xx_HAL_Driver/Src/stm32f4xx_hal_dma.o
 .debug_info    0x0000000000002fde      0x7b1 Drivers/STM32F4xx_HAL_Driver/Src/stm32f4xx_hal_gpio.o
 .debug_info    0x000000000000378f     0x1120 Drivers/STM32F4xx_HAL_Driver/Src/stm32f4xx_hal_pcd.o
 .debug_info    0x00000000000048af      0x7d1 Drivers/STM32F4xx_HAL_Driver/Src/stm32f4xx_hal_pcd_ex.o
 .debug_info    0x0000000000005080      0x8e4 Drivers/STM32F4xx_HAL_Driver/Src/stm32f4xx_hal_rcc.o
 .debug_info    0x0000000000005964      0x983 Drivers/STM32F4xx_HAL_Driver/Src/stm32f4xx_hal_rcc_ex.o
 .debug_info    0x00000000000062e7     0x2456 Drivers/STM32F4xx_HAL_Driver/Src/stm32f4xx_hal_tim.o
 .debug_info    0x000000000000873d     0x1105 Drivers/STM32F4xx_HAL_Driver/Src/stm32f4xx_hal_tim_ex.o
 .debug_info    0x0000000000009842     0x11d5 Drivers/STM32F4xx_HAL_Driver/Src/stm32f4xx_hal_uart.o
 .debug_info    0x000000000000aa17     0x18e9 Drivers/STM32F4xx_HAL_Driver/Src/stm32f4xx_ll_usb.o
 .debug_info    0x000000000000c300     0x179d Middlewares/ST/STM32_USB_Device_Library/Class/CDC/Src/usbd_cdc.o
 .debug_info    0x000000000000da9d     0x1187 Middlewares/ST/STM32_USB_Device_Library/Core/Src/usbd_core.o
 .debug_info    0x000000000000ec24     0x10e8 Middlewares/ST/STM32_USB_Device_Library/Core/Src/usbd_ctlreq.o
 .debug_info    0x000000000000fd0c      0xee8 Middlewares/ST/STM32_USB_Device_Library/Core/Src/usbd_ioreq.o
 .debug_info    0x0000000000010bf4      0xacc Src/can.o
 .debug_info    0x00000000000116c0      0x4c6 Src/gpio.o
 .debug_info    0x0000000000011b86      0xa56 Src/interrupt_handler.o
 .debug_info    0x00000000000125dc     0x1e0e Src/main.o
 .debug_info    0x00000000000143ea      0x586 Src/stm32f4xx_hal_msp.o
 .debug_info    0x0000000000014970     0x11d3 Src/stm32f4xx_it.o
 .debug_info    0x0000000000015b43      0x91c Src/sysmem.o
 .debug_info    0x000000000001645f      0x536 Src/system_stm32f4xx.o
 .debug_info    0x0000000000016995      0xb4d Src/tim.o
 .debug_info    0x00000000000174e2      0xcf6 Src/usart.o
 .debug_info    0x00000000000181d8      0xe30 Src/usb_device.o
 .debug_info    0x0000000000019008      0xff0 Src/usbd_cdc_if.o
 .debug_info    0x0000000000019ff8     0x209c Src/usbd_conf.o
 .debug_info    0x000000000001c094      0xd30 Src/usbd_desc.o
 .debug_info    0x000000000001cdc4       0x22 Startup/startup_stm32f446retx.o

.debug_abbrev   0x0000000000000000     0x3edf
 .debug_abbrev  0x0000000000000000      0x1cb Drivers/STM32F4xx_HAL_Driver/Src/stm32f4xx_hal.o
 .debug_abbrev  0x00000000000001cb      0x22a Drivers/STM32F4xx_HAL_Driver/Src/stm32f4xx_hal_can.o
 .debug_abbrev  0x00000000000003f5      0x2fa Drivers/STM32F4xx_HAL_Driver/Src/stm32f4xx_hal_cortex.o
 .debug_abbrev  0x00000000000006ef      0x229 Drivers/STM32F4xx_HAL_Driver/Src/stm32f4xx_hal_dma.o
 .debug_abbrev  0x0000000000000918      0x1c9 Drivers/STM32F4xx_HAL_Driver/Src/stm32f4xx_hal_gpio.o
 .debug_abbrev  0x0000000000000ae1      0x266 Drivers/STM32F4xx_HAL_Driver/Src/stm32f4xx_hal_pcd.o
 .debug_abbrev  0x0000000000000d47      0x1cf Drivers/STM32F4xx_HAL_Driver/Src/stm32f4xx_hal_pcd_ex.o
 .debug_abbrev  0x0000000000000f16      0x245 Drivers/STM32F4xx_HAL_Driver/Src/stm32f4xx_hal_rcc.o
 .debug_abbrev  0x000000000000115b      0x1bc Drivers/STM32F4xx_HAL_Driver/Src/stm32f4xx_hal_rcc_ex.o
 .debug_abbrev  0x0000000000001317      0x230 Drivers/STM32F4xx_HAL_Driver/Src/stm32f4xx_hal_tim.o
 .debug_abbrev  0x0000000000001547      0x21e Drivers/STM32F4xx_HAL_Driver/Src/stm32f4xx_hal_tim_ex.o
 .debug_abbrev  0x0000000000001765      0x242 Drivers/STM32F4xx_HAL_Driver/Src/stm32f4xx_hal_uart.o
 .debug_abbrev  0x00000000000019a7      0x26d Drivers/STM32F4xx_HAL_Driver/Src/stm32f4xx_ll_usb.o
 .debug_abbrev  0x0000000000001c14      0x2b6 Middlewares/ST/STM32_USB_Device_Library/Class/CDC/Src/usbd_cdc.o
 .debug_abbrev  0x0000000000001eca      0x270 Middlewares/ST/STM32_USB_Device_Library/Core/Src/usbd_core.o
 .debug_abbrev  0x000000000000213a      0x2a0 Middlewares/ST/STM32_USB_Device_Library/Core/Src/usbd_ctlreq.o
 .debug_abbrev  0x00000000000023da      0x1e0 Middlewares/ST/STM32_USB_Device_Library/Core/Src/usbd_ioreq.o
 .debug_abbrev  0x00000000000025ba      0x1b6 Src/can.o
 .debug_abbrev  0x0000000000002770      0x134 Src/gpio.o
 .debug_abbrev  0x00000000000028a4      0x17e Src/interrupt_handler.o
 .debug_abbrev  0x0000000000002a22      0x23e Src/main.o
 .debug_abbrev  0x0000000000002c60      0x112 Src/stm32f4xx_hal_msp.o
 .debug_abbrev  0x0000000000002d72      0x1c8 Src/stm32f4xx_it.o
 .debug_abbrev  0x0000000000002f3a      0x1bb Src/sysmem.o
 .debug_abbrev  0x00000000000030f5      0x111 Src/system_stm32f4xx.o
 .debug_abbrev  0x0000000000003206      0x1a4 Src/tim.o
 .debug_abbrev  0x00000000000033aa      0x1cb Src/usart.o
 .debug_abbrev  0x0000000000003575      0x1be Src/usb_device.o
 .debug_abbrev  0x0000000000003733      0x285 Src/usbd_cdc_if.o
 .debug_abbrev  0x00000000000039b8      0x2b0 Src/usbd_conf.o
 .debug_abbrev  0x0000000000003c68      0x265 Src/usbd_desc.o
 .debug_abbrev  0x0000000000003ecd       0x12 Startup/startup_stm32f446retx.o

.debug_aranges  0x0000000000000000     0x1580
 .debug_aranges
                0x0000000000000000       0xf0 Drivers/STM32F4xx_HAL_Driver/Src/stm32f4xx_hal.o
 .debug_aranges
                0x00000000000000f0      0x138 Drivers/STM32F4xx_HAL_Driver/Src/stm32f4xx_hal_can.o
 .debug_aranges
                0x0000000000000228      0x118 Drivers/STM32F4xx_HAL_Driver/Src/stm32f4xx_hal_cortex.o
 .debug_aranges
                0x0000000000000340       0x90 Drivers/STM32F4xx_HAL_Driver/Src/stm32f4xx_hal_dma.o
 .debug_aranges
                0x00000000000003d0       0x58 Drivers/STM32F4xx_HAL_Driver/Src/stm32f4xx_hal_gpio.o
 .debug_aranges
                0x0000000000000428      0x130 Drivers/STM32F4xx_HAL_Driver/Src/stm32f4xx_hal_pcd.o
 .debug_aranges
                0x0000000000000558       0x48 Drivers/STM32F4xx_HAL_Driver/Src/stm32f4xx_hal_pcd_ex.o
 .debug_aranges
                0x00000000000005a0       0x88 Drivers/STM32F4xx_HAL_Driver/Src/stm32f4xx_hal_rcc.o
 .debug_aranges
                0x0000000000000628       0x78 Drivers/STM32F4xx_HAL_Driver/Src/stm32f4xx_hal_rcc_ex.o
 .debug_aranges
                0x00000000000006a0      0x3a8 Drivers/STM32F4xx_HAL_Driver/Src/stm32f4xx_hal_tim.o
 .debug_aranges
                0x0000000000000a48      0x150 Drivers/STM32F4xx_HAL_Driver/Src/stm32f4xx_hal_tim_ex.o
 .debug_aranges
                0x0000000000000b98      0x1d0 Drivers/STM32F4xx_HAL_Driver/Src/stm32f4xx_hal_uart.o
 .debug_aranges
                0x0000000000000d68      0x198 Drivers/STM32F4xx_HAL_Driver/Src/stm32f4xx_ll_usb.o
 .debug_aranges
                0x0000000000000f00       0x90 Middlewares/ST/STM32_USB_Device_Library/Class/CDC/Src/usbd_cdc.o
 .debug_aranges
                0x0000000000000f90       0xb8 Middlewares/ST/STM32_USB_Device_Library/Core/Src/usbd_core.o
 .debug_aranges
                0x0000000000001048       0x88 Middlewares/ST/STM32_USB_Device_Library/Core/Src/usbd_ctlreq.o
 .debug_aranges
                0x00000000000010d0       0x50 Middlewares/ST/STM32_USB_Device_Library/Core/Src/usbd_ioreq.o
 .debug_aranges
                0x0000000000001120       0x30 Src/can.o
 .debug_aranges
                0x0000000000001150       0x20 Src/gpio.o
 .debug_aranges
                0x0000000000001170       0x30 Src/interrupt_handler.o
 .debug_aranges
                0x00000000000011a0       0x30 Src/main.o
 .debug_aranges
                0x00000000000011d0       0x20 Src/stm32f4xx_hal_msp.o
 .debug_aranges
                0x00000000000011f0       0xc8 Src/stm32f4xx_it.o
 .debug_aranges
                0x00000000000012b8       0x20 Src/sysmem.o
 .debug_aranges
                0x00000000000012d8       0x28 Src/system_stm32f4xx.o
 .debug_aranges
                0x0000000000001300       0x38 Src/tim.o
 .debug_aranges
                0x0000000000001338       0x50 Src/usart.o
 .debug_aranges
                0x0000000000001388       0x20 Src/usb_device.o
 .debug_aranges
                0x00000000000013a8       0x40 Src/usbd_cdc_if.o
 .debug_aranges
                0x00000000000013e8      0x108 Src/usbd_conf.o
 .debug_aranges
                0x00000000000014f0       0x68 Src/usbd_desc.o
 .debug_aranges
                0x0000000000001558       0x28 Startup/startup_stm32f446retx.o

.debug_ranges   0x0000000000000000     0x1388
 .debug_ranges  0x0000000000000000       0xe0 Drivers/STM32F4xx_HAL_Driver/Src/stm32f4xx_hal.o
 .debug_ranges  0x00000000000000e0      0x128 Drivers/STM32F4xx_HAL_Driver/Src/stm32f4xx_hal_can.o
 .debug_ranges  0x0000000000000208      0x108 Drivers/STM32F4xx_HAL_Driver/Src/stm32f4xx_hal_cortex.o
 .debug_ranges  0x0000000000000310       0x80 Drivers/STM32F4xx_HAL_Driver/Src/stm32f4xx_hal_dma.o
 .debug_ranges  0x0000000000000390       0x48 Drivers/STM32F4xx_HAL_Driver/Src/stm32f4xx_hal_gpio.o
 .debug_ranges  0x00000000000003d8      0x120 Drivers/STM32F4xx_HAL_Driver/Src/stm32f4xx_hal_pcd.o
 .debug_ranges  0x00000000000004f8       0x38 Drivers/STM32F4xx_HAL_Driver/Src/stm32f4xx_hal_pcd_ex.o
 .debug_ranges  0x0000000000000530       0x78 Drivers/STM32F4xx_HAL_Driver/Src/stm32f4xx_hal_rcc.o
 .debug_ranges  0x00000000000005a8       0x68 Drivers/STM32F4xx_HAL_Driver/Src/stm32f4xx_hal_rcc_ex.o
 .debug_ranges  0x0000000000000610      0x398 Drivers/STM32F4xx_HAL_Driver/Src/stm32f4xx_hal_tim.o
 .debug_ranges  0x00000000000009a8      0x140 Drivers/STM32F4xx_HAL_Driver/Src/stm32f4xx_hal_tim_ex.o
 .debug_ranges  0x0000000000000ae8      0x1c0 Drivers/STM32F4xx_HAL_Driver/Src/stm32f4xx_hal_uart.o
 .debug_ranges  0x0000000000000ca8      0x188 Drivers/STM32F4xx_HAL_Driver/Src/stm32f4xx_ll_usb.o
 .debug_ranges  0x0000000000000e30       0x80 Middlewares/ST/STM32_USB_Device_Library/Class/CDC/Src/usbd_cdc.o
 .debug_ranges  0x0000000000000eb0       0xa8 Middlewares/ST/STM32_USB_Device_Library/Core/Src/usbd_core.o
 .debug_ranges  0x0000000000000f58       0x78 Middlewares/ST/STM32_USB_Device_Library/Core/Src/usbd_ctlreq.o
 .debug_ranges  0x0000000000000fd0       0x40 Middlewares/ST/STM32_USB_Device_Library/Core/Src/usbd_ioreq.o
 .debug_ranges  0x0000000000001010       0x20 Src/can.o
 .debug_ranges  0x0000000000001030       0x10 Src/gpio.o
 .debug_ranges  0x0000000000001040       0x20 Src/interrupt_handler.o
 .debug_ranges  0x0000000000001060       0x20 Src/main.o
 .debug_ranges  0x0000000000001080       0x10 Src/stm32f4xx_hal_msp.o
 .debug_ranges  0x0000000000001090       0xb8 Src/stm32f4xx_it.o
 .debug_ranges  0x0000000000001148       0x10 Src/sysmem.o
 .debug_ranges  0x0000000000001158       0x18 Src/system_stm32f4xx.o
 .debug_ranges  0x0000000000001170       0x28 Src/tim.o
 .debug_ranges  0x0000000000001198       0x40 Src/usart.o
 .debug_ranges  0x00000000000011d8       0x10 Src/usb_device.o
 .debug_ranges  0x00000000000011e8       0x30 Src/usbd_cdc_if.o